Archive member included to satisfy reference by file (symbol)

C:/Program Files/SEGGER/SEGGER Embedded Studio for ARM 4.52b/lib/libc_v7em_fpv4_sp_d16_hard_t_le_eabi.a(libc2.o)
                              Output/nRF52_shtc3 Debug/Obj/nrf_log_str_formatter.o (isprint)
C:/Program Files/SEGGER/SEGGER Embedded Studio for ARM 4.52b/lib/libc_v7em_fpv4_sp_d16_hard_t_le_eabi.a(libc2_asm.o)
                              Output/nRF52_shtc3 Debug/Obj/nrf_ringbuf.o (memcpy)
C:/Program Files/SEGGER/SEGGER Embedded Studio for ARM 4.52b/lib/libc_v7em_fpv4_sp_d16_hard_t_le_eabi.a(libc.o)
                              C:/Program Files/SEGGER/SEGGER Embedded Studio for ARM 4.52b/lib/libc_v7em_fpv4_sp_d16_hard_t_le_eabi.a(libc2.o) (__heap_lock)
C:/Program Files/SEGGER/SEGGER Embedded Studio for ARM 4.52b/lib/libc_v7em_fpv4_sp_d16_hard_t_le_eabi.a(libc_asm.o)
                              C:/Program Files/SEGGER/SEGGER Embedded Studio for ARM 4.52b/lib/libc_v7em_fpv4_sp_d16_hard_t_le_eabi.a(libc2.o) (__aeabi_uldivmod)
C:/Program Files/SEGGER/SEGGER Embedded Studio for ARM 4.52b/lib/libdebugio_v7em_fpv4_sp_d16_hard_t_le_eabi.a(libdebugio.o)
                              Output/nRF52_shtc3 Debug/Obj/thumb_crt0.o (debug_fopen)
C:/Program Files/SEGGER/SEGGER Embedded Studio for ARM 4.52b/lib/libdebugio_mempoll_v7em_fpv4_sp_d16_hard_t_le_eabi.a(mempoll_debug_operations.o)
                              C:/Program Files/SEGGER/SEGGER Embedded Studio for ARM 4.52b/lib/libdebugio_v7em_fpv4_sp_d16_hard_t_le_eabi.a(libdebugio.o) (__do_debug_operation)
C:/Program Files/SEGGER/SEGGER Embedded Studio for ARM 4.52b/lib/libdebugio_mempoll_v7em_fpv4_sp_d16_hard_t_le_eabi.a(do_nv_debug_operation.o)
                              C:/Program Files/SEGGER/SEGGER Embedded Studio for ARM 4.52b/lib/libdebugio_v7em_fpv4_sp_d16_hard_t_le_eabi.a(libdebugio.o) (__do_nvdebug_operation)
C:/Program Files/SEGGER/SEGGER Embedded Studio for ARM 4.52b/lib/libm_v7em_fpv4_sp_d16_hard_t_le_eabi.a(libm_asm.o)
                              C:/Program Files/SEGGER/SEGGER Embedded Studio for ARM 4.52b/lib/libc_v7em_fpv4_sp_d16_hard_t_le_eabi.a(libc2.o) (__aeabi_dadd)
C:/Program Files/SEGGER/SEGGER Embedded Studio for ARM 4.52b/lib/libm_v7em_fpv4_sp_d16_hard_t_le_eabi.a(libm2.o)
                              C:/Program Files/SEGGER/SEGGER Embedded Studio for ARM 4.52b/lib/libvfprintf_v7em_fpv4_sp_d16_hard_t_le_eabi.o (frexp)

Discarded input sections

 .group         0x0000000000000000        0xc Output/nRF52_shtc3 Debug/Obj/main.o
 .group         0x0000000000000000        0xc Output/nRF52_shtc3 Debug/Obj/main.o
 .group         0x0000000000000000        0xc Output/nRF52_shtc3 Debug/Obj/main.o
 .group         0x0000000000000000        0xc Output/nRF52_shtc3 Debug/Obj/main.o
 .group         0x0000000000000000        0xc Output/nRF52_shtc3 Debug/Obj/main.o
 .group         0x0000000000000000        0xc Output/nRF52_shtc3 Debug/Obj/main.o
 .group         0x0000000000000000        0xc Output/nRF52_shtc3 Debug/Obj/main.o
 .group         0x0000000000000000        0xc Output/nRF52_shtc3 Debug/Obj/main.o
 .group         0x0000000000000000        0xc Output/nRF52_shtc3 Debug/Obj/main.o
 .group         0x0000000000000000        0xc Output/nRF52_shtc3 Debug/Obj/main.o
 .group         0x0000000000000000        0xc Output/nRF52_shtc3 Debug/Obj/main.o
 .group         0x0000000000000000        0xc Output/nRF52_shtc3 Debug/Obj/main.o
 .group         0x0000000000000000        0xc Output/nRF52_shtc3 Debug/Obj/main.o
 .group         0x0000000000000000        0xc Output/nRF52_shtc3 Debug/Obj/main.o
 .group         0x0000000000000000        0xc Output/nRF52_shtc3 Debug/Obj/main.o
 .group         0x0000000000000000        0xc Output/nRF52_shtc3 Debug/Obj/main.o
 .group         0x0000000000000000        0xc Output/nRF52_shtc3 Debug/Obj/main.o
 .group         0x0000000000000000        0xc Output/nRF52_shtc3 Debug/Obj/main.o
 .group         0x0000000000000000        0xc Output/nRF52_shtc3 Debug/Obj/main.o
 .group         0x0000000000000000        0xc Output/nRF52_shtc3 Debug/Obj/main.o
 .group         0x0000000000000000        0xc Output/nRF52_shtc3 Debug/Obj/main.o
 .group         0x0000000000000000        0xc Output/nRF52_shtc3 Debug/Obj/main.o
 .group         0x0000000000000000        0xc Output/nRF52_shtc3 Debug/Obj/main.o
 .group         0x0000000000000000        0xc Output/nRF52_shtc3 Debug/Obj/main.o
 .group         0x0000000000000000        0xc Output/nRF52_shtc3 Debug/Obj/main.o
 .group         0x0000000000000000        0xc Output/nRF52_shtc3 Debug/Obj/main.o
 .group         0x0000000000000000        0xc Output/nRF52_shtc3 Debug/Obj/main.o
 .group         0x0000000000000000        0xc Output/nRF52_shtc3 Debug/Obj/main.o
 .group         0x0000000000000000        0xc Output/nRF52_shtc3 Debug/Obj/main.o
 .group         0x0000000000000000        0xc Output/nRF52_shtc3 Debug/Obj/main.o
 .group         0x0000000000000000        0xc Output/nRF52_shtc3 Debug/Obj/main.o
[...]
Memory Configuration

Name             Origin             Length             Attributes
UNPLACED_SECTIONS 0x0000000100000000 0x0000000000000000 xw
RAM              0x0000000020000000 0x0000000000040000 xw
FLASH            0x0000000000000000 0x0000000000100000 xw
*default*        0x0000000000000000 0xffffffffffffffff

Linker script and memory map

                0x0000000000000000                __vfprintf = __vfprintf_long
                0x0000000000000000                __vfscanf = __vfscanf_long
                0x0000000020000000                __RAM_segment_start__ = 0x20000000
                0x0000000020040000                __RAM_segment_end__ = 0x20040000
                0x0000000000040000                __RAM_segment_size__ = 0x40000
                0x0000000000000000                __FLASH_segment_start__ = 0x0
                0x0000000000100000                __FLASH_segment_end__ = 0x100000
                0x0000000000100000                __FLASH_segment_size__ = 0x100000
                0x0000000000002000                __HEAPSIZE__ = 0x2000
                0x0000000000000000                __STACKSIZE_PROCESS__ = 0x0
                0x0000000000002000                __STACKSIZE__ = 0x2000
                0x0000000020000000                __reserved_ram_load_start__ = 0x20000000

.reserved_ram   0x0000000020000000        0x0
                0x0000000020000000                __reserved_ram_start__ = .
 *(.reserved_ram .reserved_ram.*)
                0x0000000020000000                . = MAX (((__reserved_ram_start__ + 0x20000000) - 0x20000000), .)
                0x0000000020000000                __reserved_ram_end__ = (__reserved_ram_start__ + SIZEOF (.reserved_ram))
                0x0000000000000000                __reserved_ram_size__ = SIZEOF (.reserved_ram)
                0x0000000020000000                __reserved_ram_load_end__ = __reserved_ram_end__
                0x0000000000000001                . = ASSERT (((__reserved_ram_start__ == __reserved_ram_end__) || ((__reserved_ram_end__ - __RAM_segment_start__) <= __RAM_segment_size__)), error: .reserved_ram is too large to fit in RAM memory segment)
                0x0000000020000000                __vectors_ram_load_start__ = 0x20000000

.vectors_ram    0x0000000020000000        0x0
                0x0000000020000000                __vectors_ram_start__ = .
                0x0000000020000000                __app_ram_start__ = __vectors_ram_start__
 *(.vectors_ram .vectors_ram.*)
                0x0000000020000000                __vectors_ram_end__ = (__vectors_ram_start__ + SIZEOF (.vectors_ram))
                0x0000000000000000                __vectors_ram_size__ = SIZEOF (.vectors_ram)
                0x0000000020000000                __vectors_ram_load_end__ = __vectors_ram_end__
                0x0000000000000001                . = ASSERT (((__vectors_ram_start__ == __vectors_ram_end__) || ((__vectors_ram_end__ - __RAM_segment_start__) <= __RAM_segment_size__)), error: .vectors_ram is too large to fit in RAM memory segment)
                0x0000000000000001                . = ASSERT ((__reserved_ram_end__ <= __vectors_ram_start__), error: section .reserved_ram overlaps absolute placed section .vectors_ram)
                0x0000000020000000                __nrf_sections_run_load_start__ = ALIGN (__vectors_ram_end__, 0x4)

.nrf_sections_run
                0x0000000020000000        0x0
                0x0000000020000000                __nrf_sections_run_start__ = .
                0x0000000020000000                __start_nrf_sections_run = __nrf_sections_run_start__
 *(.nrf_sections_run .nrf_sections_run.*)
                0x0000000020000000                __nrf_sections_run_end__ = (__nrf_sections_run_start__ + SIZEOF (.nrf_sections_run))
                0x0000000000000000                __nrf_sections_run_size__ = SIZEOF (.nrf_sections_run)
                0x0000000020000000                __nrf_sections_run_load_end__ = __nrf_sections_run_end__
                0x0000000000000001                . = ASSERT (((__nrf_sections_run_start__ == __nrf_sections_run_end__) || ((__nrf_sections_run_end__ - __RAM_segment_start__) <= __RAM_segment_size__)), error: .nrf_sections_run is too large to fit in RAM memory segment)
                0x0000000000000000                __reserved_flash_load_start__ = 0x0

.reserved_flash
                0x0000000000000000        0x0
                0x0000000000000000                __reserved_flash_start__ = .
 *(.reserved_flash .reserved_flash.*)
                0x0000000000000000                . = MAX (((__reserved_flash_start__ + 0x0) - 0x0), .)
                0x0000000000000000                __reserved_flash_end__ = (__reserved_flash_start__ + SIZEOF (.reserved_flash))
                0x0000000000000000                __reserved_flash_size__ = SIZEOF (.reserved_flash)
                0x0000000000000000                __reserved_flash_load_end__ = __reserved_flash_end__
                0x0000000000000001                . = ASSERT (((__reserved_flash_start__ == __reserved_flash_end__) || ((__reserved_flash_end__ - __FLASH_segment_start__) <= __FLASH_segment_size__)), error: .reserved_flash is too large to fit in FLASH memory segment)
                0x0000000000000000                __vectors_load_start__ = 0x0

.vectors        0x0000000000000000      0x200
                0x0000000000000000                __vectors_start__ = .
 *(.vectors .vectors.*)
 .vectors       0x0000000000000000      0x200 Output/nRF52_shtc3 Debug/Obj/ses_startup_nrf52840.o
                0x0000000000000000                _vectors
                0x0000000000000200                __vectors_end__ = (__vectors_start__ + SIZEOF (.vectors))
                0x0000000000000200                __vectors_size__ = SIZEOF (.vectors)
                0x0000000000000200                __vectors_load_end__ = __vectors_end__
                0x0000000000000001                . = ASSERT (((__vectors_start__ == __vectors_end__) || ((__vectors_end__ - __FLASH_segment_start__) <= __FLASH_segment_size__)), error: .vectors is too large to fit in FLASH memory segment)
                0x0000000000000001                . = ASSERT ((__reserved_flash_end__ <= __vectors_start__), error: section .reserved_flash overlaps absolute placed section .vectors)
                0x0000000000000200                __init_load_start__ = ALIGN (__vectors_end__, 0x4)

.init           0x0000000000000200      0x1d4
                0x0000000000000200                __init_start__ = .
 *(.init .init.*)
 .init          0x0000000000000200       0x60 Output/nRF52_shtc3 Debug/Obj/ses_startup_nrf_common.o
                0x0000000000000200                Reset_Handler
                0x0000000000000228                InitializeUserMemorySections
 .init          0x0000000000000260       0x18 Output/nRF52_shtc3 Debug/Obj/ses_startup_nrf52840.o
                0x0000000000000260                NMI_Handler
                0x0000000000000262                HardFault_Handler
                0x0000000000000264                MemoryManagement_Handler
                0x0000000000000266                BusFault_Handler
                0x0000000000000268                UsageFault_Handler
                0x000000000000026a                SVC_Handler
                0x000000000000026c                DebugMon_Handler
                0x000000000000026e                PendSV_Handler
                0x0000000000000270                SysTick_Handler
                0x0000000000000272                PWM1_IRQHandler
                0x0000000000000272                GPIOTE_IRQHandler
                0x0000000000000272                RTC0_IRQHandler
                0x0000000000000272                POWER_CLOCK_IRQHandler
                0x0000000000000272                RADIO_IRQHandler
                0x0000000000000272                PDM_IRQHandler
                0x0000000000000272                TEMP_IRQHandler
                0x0000000000000272                QDEC_IRQHandler
                0x0000000000000272                TIMER3_IRQHandler
                0x0000000000000272                PWM3_IRQHandler
                0x0000000000000272                FPU_IRQHandler
                0x0000000000000272                USBD_IRQHandler
                0x0000000000000272                QSPI_IRQHandler
                0x0000000000000272                TIMER4_IRQHandler
                0x0000000000000272                CRYPTOCELL_IRQHandler
                0x0000000000000272                SWI2_EGU2_IRQHandler
                0x0000000000000272                SWI4_EGU4_IRQHandler
                0x0000000000000272                TIMER0_IRQHandler
                0x0000000000000272                UARTE1_IRQHandler
                0x0000000000000272                Dummy_Handler
                0x0000000000000272                TIMER1_IRQHandler
                0x0000000000000272                SPIM3_IRQHandler
                0x0000000000000272                PWM2_IRQHandler
                0x0000000000000272                ECB_IRQHandler
                0x0000000000000272                SPIM1_SPIS1_TWIM1_TWIS1_SPI1_TWI1_IRQHandler
                0x0000000000000272                SAADC_IRQHandler
                0x0000000000000272                CCM_AAR_IRQHandler
                0x0000000000000272                WDT_IRQHandler
                0x0000000000000272                SWI0_EGU0_IRQHandler
                0x0000000000000272                SWI5_EGU5_IRQHandler
                0x0000000000000272                RNG_IRQHandler
                0x0000000000000272                RTC2_IRQHandler
                0x0000000000000272                PWM0_IRQHandler
                0x0000000000000272                SWI3_EGU3_IRQHandler
                0x0000000000000272                RTC1_IRQHandler
                0x0000000000000272                SWI1_EGU1_IRQHandler
                0x0000000000000272                SPIM2_SPIS2_SPI2_IRQHandler
                0x0000000000000272                NFCT_IRQHandler
                0x0000000000000272                I2S_IRQHandler
                0x0000000000000272                MWU_IRQHandler
                0x0000000000000272                TIMER2_IRQHandler
                0x0000000000000272                COMP_LPCOMP_IRQHandler
                0x0000000000000274                nRFInitialize
 .init          0x0000000000000278      0x15c Output/nRF52_shtc3 Debug/Obj/thumb_crt0.o
                0x0000000000000278                _start
                0x000000000000032c                exit
                0x00000000000003d4                __init_end__ = (__init_start__ + SIZEOF (.init))
                0x00000000000001d4                __init_size__ = SIZEOF (.init)
                0x00000000000003d4                __init_load_end__ = __init_end__
                0x0000000000000001                . = ASSERT (((__init_start__ == __init_end__) || ((__init_end__ - __FLASH_segment_start__) <= __FLASH_segment_size__)), error: .init is too large to fit in FLASH memory segment)
                0x00000000000003d4                __init_rodata_load_start__ = ALIGN (__init_end__, 0x4)

.init_rodata    0x00000000000003d4        0x0
                0x00000000000003d4                __init_rodata_start__ = .
 *(.init_rodata .init_rodata.*)
                0x00000000000003d4                __init_rodata_end__ = (__init_rodata_start__ + SIZEOF (.init_rodata))
                0x0000000000000000                __init_rodata_size__ = SIZEOF (.init_rodata)
                0x00000000000003d4                __init_rodata_load_end__ = __init_rodata_end__
                0x0000000000000001                . = ASSERT (((__init_rodata_start__ == __init_rodata_end__) || ((__init_rodata_end__ - __FLASH_segment_start__) <= __FLASH_segment_size__)), error: .init_rodata is too large to fit in FLASH memory segment)
                0x00000000000003d4                __text_load_start__ = ALIGN (__init_rodata_end__, 0x4)

.text           0x00000000000003d4     0x49e4
                0x00000000000003d4                __text_start__ = .
 *(.text .text.* .glue_7t .glue_7 .gnu.linkonce.t.* .gcc_except_table .ARM.extab* .gnu.linkonce.armextab.*)
 .glue_7        0x00000000000003d4        0x0 linker stubs
 .glue_7t       0x00000000000003d4        0x0 linker stubs
 .text.nrfx_coredep_delay_us
                0x00000000000003d4       0x30 Output/nRF52_shtc3 Debug/Obj/main.o
 .text.nrf_drv_twi_enable
                0x0000000000000404       0x18 Output/nRF52_shtc3 Debug/Obj/main.o
 .text.nrf_delay_ms
                0x000000000000041c       0x2a Output/nRF52_shtc3 Debug/Obj/main.o
 *fill*         0x0000000000000446        0x2 
 .text.data_handler
                0x0000000000000448       0x38 Output/nRF52_shtc3 Debug/Obj/main.o
 .text.twi_handler
                0x0000000000000480       0x3c Output/nRF52_shtc3 Debug/Obj/main.o
                0x0000000000000480                twi_handler
 .text.twi_init
                0x00000000000004bc       0x60 Output/nRF52_shtc3 Debug/Obj/main.o
                0x00000000000004bc                twi_init
 .text.main     0x000000000000051c       0x88 Output/nRF52_shtc3 Debug/Obj/main.o
                0x000000000000051c                main
 .text.NVIC_SystemReset
                0x00000000000005a4       0x2c Output/nRF52_shtc3 Debug/Obj/system_nrf52840.o
 .text.SystemCoreClockUpdate
                0x00000000000005d0       0x14 Output/nRF52_shtc3 Debug/Obj/system_nrf52840.o
                0x00000000000005d0                SystemCoreClockUpdate
 .text.SystemInit
                0x00000000000005e4      0x254 Output/nRF52_shtc3 Debug/Obj/system_nrf52840.o
                0x00000000000005e4                SystemInit
 .text.errata_36
                0x0000000000000838       0x48 Output/nRF52_shtc3 Debug/Obj/system_nrf52840.o
 .text.errata_66
                0x0000000000000880       0x48 Output/nRF52_shtc3 Debug/Obj/system_nrf52840.o
 .text.errata_98
                0x00000000000008c8       0x24 Output/nRF52_shtc3 Debug/Obj/system_nrf52840.o
 .text.errata_103
                0x00000000000008ec       0x24 Output/nRF52_shtc3 Debug/Obj/system_nrf52840.o
 .text.errata_115
                0x0000000000000910       0x24 Output/nRF52_shtc3 Debug/Obj/system_nrf52840.o
 .text.errata_120
                0x0000000000000934       0x24 Output/nRF52_shtc3 Debug/Obj/system_nrf52840.o
 .text.errata_136
                0x0000000000000958       0x48 Output/nRF52_shtc3 Debug/Obj/system_nrf52840.o
 .text.NVIC_EnableIRQ
                0x00000000000009a0       0x2c Output/nRF52_shtc3 Debug/Obj/nrfx_twim.o
 .text.NVIC_SetPriority
                0x00000000000009cc       0x50 Output/nRF52_shtc3 Debug/Obj/nrfx_twim.o
 .text.nrfx_get_irq_number
                0x0000000000000a1c       0x10 Output/nRF52_shtc3 Debug/Obj/nrfx_twim.o
 .text._NRFX_IRQ_PRIORITY_SET
                0x0000000000000a2c       0x2a Output/nRF52_shtc3 Debug/Obj/nrfx_twim.o
 .text._NRFX_IRQ_ENABLE
                0x0000000000000a56       0x1c Output/nRF52_shtc3 Debug/Obj/nrfx_twim.o
 .text.nrf_twim_task_trigger
                0x0000000000000a72       0x1c Output/nRF52_shtc3 Debug/Obj/nrfx_twim.o
 .text.nrf_twim_event_clear
                0x0000000000000a8e       0x2a Output/nRF52_shtc3 Debug/Obj/nrfx_twim.o
 .text.nrf_twim_event_check
                0x0000000000000ab8       0x24 Output/nRF52_shtc3 Debug/Obj/nrfx_twim.o
 .text.nrf_twim_int_enable
                0x0000000000000adc       0x14 Output/nRF52_shtc3 Debug/Obj/nrfx_twim.o
 .text.nrf_twim_int_disable
                0x0000000000000af0       0x14 Output/nRF52_shtc3 Debug/Obj/nrfx_twim.o
 .text.nrf_twim_enable
                0x0000000000000b04       0x12 Output/nRF52_shtc3 Debug/Obj/nrfx_twim.o
 .text.nrf_twim_pins_set
                0x0000000000000b16       0x1e Output/nRF52_shtc3 Debug/Obj/nrfx_twim.o
 .text.nrf_twim_frequency_set
                0x0000000000000b34       0x14 Output/nRF52_shtc3 Debug/Obj/nrfx_twim.o
 .text.nrf_twim_errorsrc_get_and_clear
                0x0000000000000b48       0x1c Output/nRF52_shtc3 Debug/Obj/nrfx_twim.o
 .text.nrf_twim_shorts_set
                0x0000000000000b64       0x14 Output/nRF52_shtc3 Debug/Obj/nrfx_twim.o
 .text.nrf_twim_txd_amount_get
                0x0000000000000b78       0x10 Output/nRF52_shtc3 Debug/Obj/nrfx_twim.o
 .text.nrf_twim_rxd_amount_get
                0x0000000000000b88       0x10 Output/nRF52_shtc3 Debug/Obj/nrfx_twim.o
 .text.nrf_gpio_pin_port_decode
                0x0000000000000b98       0x2c Output/nRF52_shtc3 Debug/Obj/nrfx_twim.o
 .text.nrf_gpio_cfg
                0x0000000000000bc4       0x62 Output/nRF52_shtc3 Debug/Obj/nrfx_twim.o
 *fill*         0x0000000000000c26        0x2 
 .text.nrfx_twim_init
                0x0000000000000c28      0x124 Output/nRF52_shtc3 Debug/Obj/nrfx_twim.o
                0x0000000000000c28                nrfx_twim_init
 .text.nrfx_twim_enable
                0x0000000000000d4c       0x38 Output/nRF52_shtc3 Debug/Obj/nrfx_twim.o
                0x0000000000000d4c                nrfx_twim_enable
 .text.twim_irq_handler
                0x0000000000000d84      0x1fc Output/nRF52_shtc3 Debug/Obj/nrfx_twim.o
 .text.SPIM0_SPIS0_TWIM0_TWIS0_SPI0_TWI0_IRQHandler
                0x0000000000000f80       0x18 Output/nRF52_shtc3 Debug/Obj/nrfx_twim.o
                0x0000000000000f80                SPIM0_SPIS0_TWIM0_TWIS0_SPI0_TWI0_IRQHandler
 .text.NVIC_EnableIRQ
                0x0000000000000f98       0x2c Output/nRF52_shtc3 Debug/Obj/nrfx_uart.o
 .text.NVIC_DisableIRQ
                0x0000000000000fc4       0x30 Output/nRF52_shtc3 Debug/Obj/nrfx_uart.o
 .text.NVIC_SetPriority
                0x0000000000000ff4       0x50 Output/nRF52_shtc3 Debug/Obj/nrfx_uart.o
 .text.nrfx_get_irq_number
                0x0000000000001044       0x10 Output/nRF52_shtc3 Debug/Obj/nrfx_uart.o
 .text._NRFX_IRQ_PRIORITY_SET
                0x0000000000001054       0x2a Output/nRF52_shtc3 Debug/Obj/nrfx_uart.o
 .text._NRFX_IRQ_ENABLE
                0x000000000000107e       0x1c Output/nRF52_shtc3 Debug/Obj/nrfx_uart.o
 .text._NRFX_IRQ_DISABLE
                0x000000000000109a       0x1c Output/nRF52_shtc3 Debug/Obj/nrfx_uart.o
 .text.nrf_uart_event_clear
                0x00000000000010b6       0x2a Output/nRF52_shtc3 Debug/Obj/nrfx_uart.o
 .text.nrf_uart_event_check
                0x00000000000010e0       0x24 Output/nRF52_shtc3 Debug/Obj/nrfx_uart.o
 .text.nrf_uart_int_enable
                0x0000000000001104       0x14 Output/nRF52_shtc3 Debug/Obj/nrfx_uart.o
 .text.nrf_uart_int_enable_check
                0x0000000000001118       0x20 Output/nRF52_shtc3 Debug/Obj/nrfx_uart.o
 .text.nrf_uart_int_disable
                0x0000000000001138       0x14 Output/nRF52_shtc3 Debug/Obj/nrfx_uart.o
 .text.nrf_uart_errorsrc_get_and_clear
                0x000000000000114c       0x1c Output/nRF52_shtc3 Debug/Obj/nrfx_uart.o
 .text.nrf_uart_enable
                0x0000000000001168       0x12 Output/nRF52_shtc3 Debug/Obj/nrfx_uart.o
 .text.nrf_uart_disable
                0x000000000000117a       0x12 Output/nRF52_shtc3 Debug/Obj/nrfx_uart.o
 .text.nrf_uart_txrx_pins_set
                0x000000000000118c       0x1e Output/nRF52_shtc3 Debug/Obj/nrfx_uart.o
 .text.nrf_uart_txrx_pins_disconnect
                0x00000000000011aa       0x1c Output/nRF52_shtc3 Debug/Obj/nrfx_uart.o
 .text.nrf_uart_tx_pin_get
                0x00000000000011c6       0x10 Output/nRF52_shtc3 Debug/Obj/nrfx_uart.o
 .text.nrf_uart_rx_pin_get
                0x00000000000011d6       0x10 Output/nRF52_shtc3 Debug/Obj/nrfx_uart.o
 .text.nrf_uart_rts_pin_get
                0x00000000000011e6       0x10 Output/nRF52_shtc3 Debug/Obj/nrfx_uart.o
 .text.nrf_uart_cts_pin_get
                0x00000000000011f6       0x10 Output/nRF52_shtc3 Debug/Obj/nrfx_uart.o
 .text.nrf_uart_hwfc_pins_set
                0x0000000000001206       0x1e Output/nRF52_shtc3 Debug/Obj/nrfx_uart.o
 .text.nrf_uart_hwfc_pins_disconnect
                0x0000000000001224       0x1c Output/nRF52_shtc3 Debug/Obj/nrfx_uart.o
 .text.nrf_uart_rxd_get
                0x0000000000001240       0x12 Output/nRF52_shtc3 Debug/Obj/nrfx_uart.o
 .text.nrf_uart_txd_set
                0x0000000000001252       0x1a Output/nRF52_shtc3 Debug/Obj/nrfx_uart.o
 .text.nrf_uart_task_trigger
                0x000000000000126c       0x1c Output/nRF52_shtc3 Debug/Obj/nrfx_uart.o
 .text.nrf_uart_configure
                0x0000000000001288       0x2a Output/nRF52_shtc3 Debug/Obj/nrfx_uart.o
 .text.nrf_uart_baudrate_set
                0x00000000000012b2       0x14 Output/nRF52_shtc3 Debug/Obj/nrfx_uart.o
 *fill*         0x00000000000012c6        0x2 
 .text.nrf_gpio_pin_port_decode
                0x00000000000012c8       0x2c Output/nRF52_shtc3 Debug/Obj/nrfx_uart.o
 .text.nrf_gpio_cfg
                0x00000000000012f4       0x62 Output/nRF52_shtc3 Debug/Obj/nrfx_uart.o
 .text.nrf_gpio_cfg_output
                0x0000000000001356       0x22 Output/nRF52_shtc3 Debug/Obj/nrfx_uart.o
 .text.nrf_gpio_cfg_input
                0x0000000000001378       0x2a Output/nRF52_shtc3 Debug/Obj/nrfx_uart.o
 .text.nrf_gpio_cfg_default
                0x00000000000013a2       0x22 Output/nRF52_shtc3 Debug/Obj/nrfx_uart.o
 .text.nrf_gpio_pin_set
                0x00000000000013c4       0x28 Output/nRF52_shtc3 Debug/Obj/nrfx_uart.o
 .text.nrf_gpio_port_out_set
                0x00000000000013ec       0x14 Output/nRF52_shtc3 Debug/Obj/nrfx_uart.o
 .text.apply_config
                0x0000000000001400       0xc6 Output/nRF52_shtc3 Debug/Obj/nrfx_uart.o
 *fill*         0x00000000000014c6        0x2 
 .text.interrupts_enable
                0x00000000000014c8       0x6c Output/nRF52_shtc3 Debug/Obj/nrfx_uart.o
 .text.interrupts_disable
                0x0000000000001534       0x30 Output/nRF52_shtc3 Debug/Obj/nrfx_uart.o
 .text.pins_to_default
                0x0000000000001564       0x8a Output/nRF52_shtc3 Debug/Obj/nrfx_uart.o
 *fill*         0x00000000000015ee        0x2 
 .text.nrfx_uart_init
                0x00000000000015f0       0xc0 Output/nRF52_shtc3 Debug/Obj/nrfx_uart.o
                0x00000000000015f0                nrfx_uart_init
 .text.nrfx_uart_uninit
                0x00000000000016b0       0x5c Output/nRF52_shtc3 Debug/Obj/nrfx_uart.o
                0x00000000000016b0                nrfx_uart_uninit
 .text.tx_byte  0x000000000000170c       0x40 Output/nRF52_shtc3 Debug/Obj/nrfx_uart.o
 .text.tx_blocking
                0x000000000000174c       0x4e Output/nRF52_shtc3 Debug/Obj/nrfx_uart.o
 *fill*         0x000000000000179a        0x2 
 .text.nrfx_uart_tx
                0x000000000000179c       0xd8 Output/nRF52_shtc3 Debug/Obj/nrfx_uart.o
                0x000000000000179c                nrfx_uart_tx
 .text.nrfx_uart_tx_in_progress
                0x0000000000001874       0x2c Output/nRF52_shtc3 Debug/Obj/nrfx_uart.o
                0x0000000000001874                nrfx_uart_tx_in_progress
 .text.rx_byte  0x00000000000018a0       0x4e Output/nRF52_shtc3 Debug/Obj/nrfx_uart.o
 .text.rx_done_event
                0x00000000000018ee       0x2e Output/nRF52_shtc3 Debug/Obj/nrfx_uart.o
 .text.tx_done_event
                0x000000000000191c       0x34 Output/nRF52_shtc3 Debug/Obj/nrfx_uart.o
 .text.uart_irq_handler
                0x0000000000001950      0x1da Output/nRF52_shtc3 Debug/Obj/nrfx_uart.o
 *fill*         0x0000000000001b2a        0x2 
 .text.nrfx_uart_0_irq_handler
                0x0000000000001b2c       0x18 Output/nRF52_shtc3 Debug/Obj/nrfx_uart.o
                0x0000000000001b2c                nrfx_uart_0_irq_handler
 .text.NVIC_EnableIRQ
                0x0000000000001b44       0x2c Output/nRF52_shtc3 Debug/Obj/nrfx_uarte.o
 .text.NVIC_DisableIRQ
                0x0000000000001b70       0x30 Output/nRF52_shtc3 Debug/Obj/nrfx_uarte.o
 .text.NVIC_SetPriority
                0x0000000000001ba0       0x50 Output/nRF52_shtc3 Debug/Obj/nrfx_uarte.o
 .text.nrfx_is_in_ram
                0x0000000000001bf0       0x1c Output/nRF52_shtc3 Debug/Obj/nrfx_uarte.o
 .text.nrfx_get_irq_number
                0x0000000000001c0c       0x10 Output/nRF52_shtc3 Debug/Obj/nrfx_uarte.o
 .text._NRFX_IRQ_PRIORITY_SET
                0x0000000000001c1c       0x2a Output/nRF52_shtc3 Debug/Obj/nrfx_uarte.o
 .text._NRFX_IRQ_ENABLE
                0x0000000000001c46       0x1c Output/nRF52_shtc3 Debug/Obj/nrfx_uarte.o
 .text._NRFX_IRQ_DISABLE
                0x0000000000001c62       0x1c Output/nRF52_shtc3 Debug/Obj/nrfx_uarte.o
 .text.nrf_uarte_event_clear
                0x0000000000001c7e       0x2a Output/nRF52_shtc3 Debug/Obj/nrfx_uarte.o
 .text.nrf_uarte_event_check
                0x0000000000001ca8       0x24 Output/nRF52_shtc3 Debug/Obj/nrfx_uarte.o
 .text.nrf_uarte_shorts_disable
                0x0000000000001ccc       0x1e Output/nRF52_shtc3 Debug/Obj/nrfx_uarte.o
 .text.nrf_uarte_int_enable
                0x0000000000001cea       0x14 Output/nRF52_shtc3 Debug/Obj/nrfx_uarte.o
 .text.nrf_uarte_int_disable
                0x0000000000001cfe       0x14 Output/nRF52_shtc3 Debug/Obj/nrfx_uarte.o
 .text.nrf_uarte_errorsrc_get_and_clear
                0x0000000000001d12       0x1c Output/nRF52_shtc3 Debug/Obj/nrfx_uarte.o
 .text.nrf_uarte_enable
                0x0000000000001d2e       0x12 Output/nRF52_shtc3 Debug/Obj/nrfx_uarte.o
 .text.nrf_uarte_disable
                0x0000000000001d40       0x12 Output/nRF52_shtc3 Debug/Obj/nrfx_uarte.o
 .text.nrf_uarte_txrx_pins_set
                0x0000000000001d52       0x1e Output/nRF52_shtc3 Debug/Obj/nrfx_uarte.o
 .text.nrf_uarte_txrx_pins_disconnect
                0x0000000000001d70       0x1c Output/nRF52_shtc3 Debug/Obj/nrfx_uarte.o
 .text.nrf_uarte_tx_pin_get
                0x0000000000001d8c       0x10 Output/nRF52_shtc3 Debug/Obj/nrfx_uarte.o
 .text.nrf_uarte_rx_pin_get
                0x0000000000001d9c       0x10 Output/nRF52_shtc3 Debug/Obj/nrfx_uarte.o
 .text.nrf_uarte_rts_pin_get
                0x0000000000001dac       0x10 Output/nRF52_shtc3 Debug/Obj/nrfx_uarte.o
 .text.nrf_uarte_cts_pin_get
                0x0000000000001dbc       0x10 Output/nRF52_shtc3 Debug/Obj/nrfx_uarte.o
 .text.nrf_uarte_hwfc_pins_set
                0x0000000000001dcc       0x1e Output/nRF52_shtc3 Debug/Obj/nrfx_uarte.o
 .text.nrf_uarte_hwfc_pins_disconnect
                0x0000000000001dea       0x1c Output/nRF52_shtc3 Debug/Obj/nrfx_uarte.o
 .text.nrf_uarte_task_trigger
                0x0000000000001e06       0x1c Output/nRF52_shtc3 Debug/Obj/nrfx_uarte.o
 .text.nrf_uarte_configure
                0x0000000000001e22       0x2a Output/nRF52_shtc3 Debug/Obj/nrfx_uarte.o
 .text.nrf_uarte_baudrate_set
                0x0000000000001e4c       0x14 Output/nRF52_shtc3 Debug/Obj/nrfx_uarte.o
 .text.nrf_uarte_tx_buffer_set
                0x0000000000001e60       0x1e Output/nRF52_shtc3 Debug/Obj/nrfx_uarte.o
 .text.nrf_uarte_tx_amount_get
                0x0000000000001e7e       0x10 Output/nRF52_shtc3 Debug/Obj/nrfx_uarte.o
 .text.nrf_uarte_rx_amount_get
                0x0000000000001e8e       0x10 Output/nRF52_shtc3 Debug/Obj/nrfx_uarte.o
 *fill*         0x0000000000001e9e        0x2 
 .text.nrf_gpio_pin_port_decode
                0x0000000000001ea0       0x2c Output/nRF52_shtc3 Debug/Obj/nrfx_uarte.o
 .text.nrf_gpio_cfg
                0x0000000000001ecc       0x62 Output/nRF52_shtc3 Debug/Obj/nrfx_uarte.o
 .text.nrf_gpio_cfg_output
                0x0000000000001f2e       0x22 Output/nRF52_shtc3 Debug/Obj/nrfx_uarte.o
 .text.nrf_gpio_cfg_input
                0x0000000000001f50       0x2a Output/nRF52_shtc3 Debug/Obj/nrfx_uarte.o
 .text.nrf_gpio_cfg_default
                0x0000000000001f7a       0x22 Output/nRF52_shtc3 Debug/Obj/nrfx_uarte.o
 .text.nrf_gpio_pin_set
                0x0000000000001f9c       0x28 Output/nRF52_shtc3 Debug/Obj/nrfx_uarte.o
 .text.nrf_gpio_port_out_set
                0x0000000000001fc4       0x14 Output/nRF52_shtc3 Debug/Obj/nrfx_uarte.o
 .text.apply_config
                0x0000000000001fd8       0xc6 Output/nRF52_shtc3 Debug/Obj/nrfx_uarte.o
 *fill*         0x000000000000209e        0x2 
 .text.interrupts_enable
                0x00000000000020a0       0x88 Output/nRF52_shtc3 Debug/Obj/nrfx_uarte.o
 .text.interrupts_disable
                0x0000000000002128       0x30 Output/nRF52_shtc3 Debug/Obj/nrfx_uarte.o
 .text.pins_to_default
                0x0000000000002158       0x8a Output/nRF52_shtc3 Debug/Obj/nrfx_uarte.o
 *fill*         0x00000000000021e2        0x2 
 .text.nrfx_uarte_init
                0x00000000000021e4       0xbc Output/nRF52_shtc3 Debug/Obj/nrfx_uarte.o
                0x00000000000021e4                nrfx_uarte_init
 .text.nrfx_uarte_uninit
                0x00000000000022a0       0x5c Output/nRF52_shtc3 Debug/Obj/nrfx_uarte.o
                0x00000000000022a0                nrfx_uarte_uninit
 .text.nrfx_uarte_tx
                0x00000000000022fc      0x104 Output/nRF52_shtc3 Debug/Obj/nrfx_uarte.o
                0x00000000000022fc                nrfx_uarte_tx
 .text.nrfx_uarte_tx_in_progress
                0x0000000000002400       0x30 Output/nRF52_shtc3 Debug/Obj/nrfx_uarte.o
                0x0000000000002400                nrfx_uarte_tx_in_progress
 .text.rx_done_event
                0x0000000000002430       0x2e Output/nRF52_shtc3 Debug/Obj/nrfx_uarte.o
 .text.tx_done_event
                0x000000000000245e       0x34 Output/nRF52_shtc3 Debug/Obj/nrfx_uarte.o
 .text.uarte_irq_handler
                0x0000000000002492      0x152 Output/nRF52_shtc3 Debug/Obj/nrfx_uarte.o
 .text.nrfx_uarte_0_irq_handler
                0x00000000000025e4       0x18 Output/nRF52_shtc3 Debug/Obj/nrfx_uarte.o
                0x00000000000025e4                nrfx_uarte_0_irq_handler
 .text.UARTE0_UART0_IRQHandler
                0x00000000000025fc       0x10 Output/nRF52_shtc3 Debug/Obj/nrfx_prs.o
                0x00000000000025fc                UARTE0_UART0_IRQHandler
 .text.prs_box_get
                0x000000000000260c       0x20 Output/nRF52_shtc3 Debug/Obj/nrfx_prs.o
 .text.nrfx_prs_acquire
                0x000000000000262c       0x62 Output/nRF52_shtc3 Debug/Obj/nrfx_prs.o
                0x000000000000262c                nrfx_prs_acquire
 .text.nrfx_prs_release
                0x000000000000268e       0x28 Output/nRF52_shtc3 Debug/Obj/nrfx_prs.o
                0x000000000000268e                nrfx_prs_release
 *fill*         0x00000000000026b6        0x2 
 .text.nrfx_coredep_delay_us
                0x00000000000026b8       0x30 Output/nRF52_shtc3 Debug/Obj/nrf_drv_twi.o
 .text.nrf_gpio_pin_port_decode
                0x00000000000026e8       0x2c Output/nRF52_shtc3 Debug/Obj/nrf_drv_twi.o
 .text.nrf_gpio_pin_set
                0x0000000000002714       0x28 Output/nRF52_shtc3 Debug/Obj/nrf_drv_twi.o
 .text.nrf_gpio_pin_clear
                0x000000000000273c       0x28 Output/nRF52_shtc3 Debug/Obj/nrf_drv_twi.o
 .text.nrf_gpio_pin_read
                0x0000000000002764       0x2a Output/nRF52_shtc3 Debug/Obj/nrf_drv_twi.o
 .text.nrf_gpio_port_in_read
                0x000000000000278e       0x10 Output/nRF52_shtc3 Debug/Obj/nrf_drv_twi.o
 .text.nrf_gpio_port_out_set
                0x000000000000279e       0x14 Output/nRF52_shtc3 Debug/Obj/nrf_drv_twi.o
 .text.nrf_gpio_port_out_clear
                0x00000000000027b2       0x14 Output/nRF52_shtc3 Debug/Obj/nrf_drv_twi.o
 .text.twi_clear_bus
                0x00000000000027c6       0xde Output/nRF52_shtc3 Debug/Obj/nrf_drv_twi.o
 .text.twim_evt_handler
                0x00000000000028a4       0x6c Output/nRF52_shtc3 Debug/Obj/nrf_drv_twi.o
 .text.nrf_drv_twi_init
                0x0000000000002910       0x68 Output/nRF52_shtc3 Debug/Obj/nrf_drv_twi.o
                0x0000000000002910                nrf_drv_twi_init
 .text.uarte_evt_handler
                0x0000000000002978       0x50 Output/nRF52_shtc3 Debug/Obj/nrf_drv_uart.o
 .text.uart_evt_handler
                0x00000000000029c8       0x50 Output/nRF52_shtc3 Debug/Obj/nrf_drv_uart.o
 .text.nrf_drv_uart_init
                0x0000000000002a18       0xc0 Output/nRF52_shtc3 Debug/Obj/nrf_drv_uart.o
                0x0000000000002a18                nrf_drv_uart_init
 .text.nrf_fprintf_buffer_flush
                0x0000000000002ad8       0x30 Output/nRF52_shtc3 Debug/Obj/nrf_fprintf.o
                0x0000000000002ad8                nrf_fprintf_buffer_flush
 .text.nrf_fprintf
                0x0000000000002b08       0x30 Output/nRF52_shtc3 Debug/Obj/nrf_fprintf.o
                0x0000000000002b08                nrf_fprintf
 .text.buffer_add
                0x0000000000002b38       0x4c Output/nRF52_shtc3 Debug/Obj/nrf_fprintf_format.o
 .text.string_print
                0x0000000000002b84       0xc2 Output/nRF52_shtc3 Debug/Obj/nrf_fprintf_format.o
 *fill*         0x0000000000002c46        0x2 
 .text.unsigned_print
                0x0000000000002c48      0x130 Output/nRF52_shtc3 Debug/Obj/nrf_fprintf_format.o
 .text.int_print
                0x0000000000002d78      0x11c Output/nRF52_shtc3 Debug/Obj/nrf_fprintf_format.o
 .text.nrf_fprintf_fmt
                0x0000000000002e94      0x33c Output/nRF52_shtc3 Debug/Obj/nrf_fprintf_format.o
                0x0000000000002e94                nrf_fprintf_fmt
 .text.nrf_strerror_get
                0x00000000000031d0       0x28 Output/nRF52_shtc3 Debug/Obj/nrf_strerror.o
                0x00000000000031d0                nrf_strerror_get
 .text.nrf_strerror_find
                0x00000000000031f8       0x68 Output/nRF52_shtc3 Debug/Obj/nrf_strerror.o
                0x00000000000031f8                nrf_strerror_find
 .text.nrf_ringbuf_init
                0x0000000000003260       0x3a Output/nRF52_shtc3 Debug/Obj/nrf_ringbuf.o
                0x0000000000003260                nrf_ringbuf_init
 .text.nrf_memobj_pool_init
                0x000000000000329a       0x16 Output/nRF52_shtc3 Debug/Obj/nrf_memobj.o
                0x000000000000329a                nrf_memobj_pool_init
 .text.nrf_memobj_alloc
                0x00000000000032b0       0xae Output/nRF52_shtc3 Debug/Obj/nrf_memobj.o
                0x00000000000032b0                nrf_memobj_alloc
 .text.nrf_memobj_free
                0x000000000000335e       0x74 Output/nRF52_shtc3 Debug/Obj/nrf_memobj.o
                0x000000000000335e                nrf_memobj_free
 .text.nrf_memobj_get
                0x00000000000033d2       0x1e Output/nRF52_shtc3 Debug/Obj/nrf_memobj.o
                0x00000000000033d2                nrf_memobj_get
 .text.nrf_memobj_put
                0x00000000000033f0       0x34 Output/nRF52_shtc3 Debug/Obj/nrf_memobj.o
                0x00000000000033f0                nrf_memobj_put
 .text.memobj_op
                0x0000000000003424      0x102 Output/nRF52_shtc3 Debug/Obj/nrf_memobj.o
 .text.nrf_memobj_write
                0x0000000000003526       0x28 Output/nRF52_shtc3 Debug/Obj/nrf_memobj.o
                0x0000000000003526                nrf_memobj_write
 .text.nrf_memobj_read
                0x000000000000354e       0x28 Output/nRF52_shtc3 Debug/Obj/nrf_memobj.o
                0x000000000000354e                nrf_memobj_read
 .text.nrf_balloc_idx2block
                0x0000000000003576       0x22 Output/nRF52_shtc3 Debug/Obj/nrf_balloc.o
 .text.nrf_balloc_block2idx
                0x0000000000003598       0x1e Output/nRF52_shtc3 Debug/Obj/nrf_balloc.o
 .text.nrf_balloc_init
                0x00000000000035b6       0x56 Output/nRF52_shtc3 Debug/Obj/nrf_balloc.o
                0x00000000000035b6                nrf_balloc_init
 .text.nrf_balloc_alloc
                0x000000000000360c       0x6e Output/nRF52_shtc3 Debug/Obj/nrf_balloc.o
                0x000000000000360c                nrf_balloc_alloc
 .text.nrf_balloc_free
                0x000000000000367a       0x34 Output/nRF52_shtc3 Debug/Obj/nrf_balloc.o
                0x000000000000367a                nrf_balloc_free
 .text.nrf_atomic_u32_fetch_store
                0x00000000000036ae       0x2e Output/nRF52_shtc3 Debug/Obj/nrf_atomic.o
                0x00000000000036ae                nrf_atomic_u32_fetch_store
 .text.nrf_atomic_u32_or
                0x00000000000036dc       0x30 Output/nRF52_shtc3 Debug/Obj/nrf_atomic.o
                0x00000000000036dc                nrf_atomic_u32_or
 .text.nrf_atomic_u32_fetch_and
                0x000000000000370c       0x30 Output/nRF52_shtc3 Debug/Obj/nrf_atomic.o
                0x000000000000370c                nrf_atomic_u32_fetch_and
 .text.nrf_atomic_u32_add
                0x000000000000373c       0x30 Output/nRF52_shtc3 Debug/Obj/nrf_atomic.o
                0x000000000000373c                nrf_atomic_u32_add
 .text.nrf_atomic_u32_sub
                0x000000000000376c       0x30 Output/nRF52_shtc3 Debug/Obj/nrf_atomic.o
                0x000000000000376c                nrf_atomic_u32_sub
 .text.nrf_atomic_flag_set
                0x000000000000379c       0x18 Output/nRF52_shtc3 Debug/Obj/nrf_atomic.o
                0x000000000000379c                nrf_atomic_flag_set
 .text.nrf_atomic_flag_clear_fetch
                0x00000000000037b4       0x18 Output/nRF52_shtc3 Debug/Obj/nrf_atomic.o
                0x00000000000037b4                nrf_atomic_flag_clear_fetch
 .text.app_error_save_and_stop
                0x00000000000037cc       0x9c Output/nRF52_shtc3 Debug/Obj/app_error.o
                0x00000000000037cc                app_error_save_and_stop
 .text.app_error_handler
                0x0000000000003868       0x1c Output/nRF52_shtc3 Debug/Obj/app_error_handler_gcc.o
                0x0000000000003868                app_error_handler
 .text.app_error_fault_handler
                0x0000000000003884      0x104 Output/nRF52_shtc3 Debug/Obj/app_error_weak.o
                0x0000000000003884                app_error_fault_handler
 .text.app_util_disable_irq
                0x0000000000003988       0x18 Output/nRF52_shtc3 Debug/Obj/app_util_platform.o
                0x0000000000003988                app_util_disable_irq
 .text.app_util_enable_irq
                0x00000000000039a0       0x20 Output/nRF52_shtc3 Debug/Obj/app_util_platform.o
                0x00000000000039a0                app_util_enable_irq
 .text.app_util_critical_region_enter
                0x00000000000039c0       0x12 Output/nRF52_shtc3 Debug/Obj/app_util_platform.o
                0x00000000000039c0                app_util_critical_region_enter
 .text.app_util_critical_region_exit
                0x00000000000039d2       0x16 Output/nRF52_shtc3 Debug/Obj/app_util_platform.o
                0x00000000000039d2                app_util_critical_region_exit
 .text.nrf_log_backend_serial_put
                0x00000000000039e8      0x124 Output/nRF52_shtc3 Debug/Obj/nrf_log_backend_serial.o
                0x00000000000039e8                nrf_log_backend_serial_put
 .text.nrf_drv_uart_uninit
                0x0000000000003b0c       0x44 Output/nRF52_shtc3 Debug/Obj/nrf_log_backend_uart.o
 .text.nrf_drv_uart_tx
                0x0000000000003b50       0x64 Output/nRF52_shtc3 Debug/Obj/nrf_log_backend_uart.o
 .text.uart_evt_handler
                0x0000000000003bb4       0x18 Output/nRF52_shtc3 Debug/Obj/nrf_log_backend_uart.o
 .text.uart_init
                0x0000000000003bcc       0x88 Output/nRF52_shtc3 Debug/Obj/nrf_log_backend_uart.o
 .text.nrf_log_backend_uart_init
                0x0000000000003c54       0x1c Output/nRF52_shtc3 Debug/Obj/nrf_log_backend_uart.o
                0x0000000000003c54                nrf_log_backend_uart_init
 .text.serial_tx
                0x0000000000003c70       0x6c Output/nRF52_shtc3 Debug/Obj/nrf_log_backend_uart.o
 .text.nrf_log_backend_uart_put
                0x0000000000003cdc       0x28 Output/nRF52_shtc3 Debug/Obj/nrf_log_backend_uart.o
 .text.nrf_log_backend_uart_flush
                0x0000000000003d04        0xa Output/nRF52_shtc3 Debug/Obj/nrf_log_backend_uart.o
 *fill*         0x0000000000003d0e        0x2 
 .text.nrf_log_backend_uart_panic_set
                0x0000000000003d10       0x20 Output/nRF52_shtc3 Debug/Obj/nrf_log_backend_uart.o
 .text.nrf_log_backend_enable
                0x0000000000003d30       0x12 Output/nRF52_shtc3 Debug/Obj/nrf_log_default_backends.o
 *fill*         0x0000000000003d42        0x2 
 .text.nrf_log_default_backends_init
                0x0000000000003d44       0x2c Output/nRF52_shtc3 Debug/Obj/nrf_log_default_backends.o
                0x0000000000003d44                nrf_log_default_backends_init
 .text.nrf_log_backend_put
                0x0000000000003d70       0x1c Output/nRF52_shtc3 Debug/Obj/nrf_log_frontend.o
 .text.nrf_log_backend_panic_set
                0x0000000000003d8c       0x18 Output/nRF52_shtc3 Debug/Obj/nrf_log_frontend.o
 .text.nrf_log_backend_flush
                0x0000000000003da4       0x18 Output/nRF52_shtc3 Debug/Obj/nrf_log_frontend.o
 .text.nrf_log_backend_id_set
                0x0000000000003dbc       0x1a Output/nRF52_shtc3 Debug/Obj/nrf_log_frontend.o
 .text.nrf_log_backend_id_get
                0x0000000000003dd6       0x10 Output/nRF52_shtc3 Debug/Obj/nrf_log_frontend.o
 .text.nrf_log_backend_enable
                0x0000000000003de6       0x12 Output/nRF52_shtc3 Debug/Obj/nrf_log_frontend.o
 .text.nrf_log_backend_is_enabled
                0x0000000000003df8       0x10 Output/nRF52_shtc3 Debug/Obj/nrf_log_frontend.o
 .text.nrf_log_init
                0x0000000000003e08       0x74 Output/nRF52_shtc3 Debug/Obj/nrf_log_frontend.o
                0x0000000000003e08                nrf_log_init
 .text.nrf_log_module_cnt_get
                0x0000000000003e7c       0x14 Output/nRF52_shtc3 Debug/Obj/nrf_log_frontend.o
                0x0000000000003e7c                nrf_log_module_cnt_get
 .text.module_idx_get
                0x0000000000003e90       0x64 Output/nRF52_shtc3 Debug/Obj/nrf_log_frontend.o
 .text.nrf_log_module_name_get
                0x0000000000003ef4       0x40 Output/nRF52_shtc3 Debug/Obj/nrf_log_frontend.o
                0x0000000000003ef4                nrf_log_module_name_get
 .text.nrf_log_color_id_get
                0x0000000000003f34       0x70 Output/nRF52_shtc3 Debug/Obj/nrf_log_frontend.o
                0x0000000000003f34                nrf_log_color_id_get
 .text.invalid_packets_omit
                0x0000000000003fa4       0x6e Output/nRF52_shtc3 Debug/Obj/nrf_log_frontend.o
 *fill*         0x0000000000004012        0x2 
 .text.log_skip
                0x0000000000004014      0x104 Output/nRF52_shtc3 Debug/Obj/nrf_log_frontend.o
 .text.dropped_sat16_get
                0x0000000000004118       0x28 Output/nRF52_shtc3 Debug/Obj/nrf_log_frontend.o
 .text.std_header_set
                0x0000000000004140       0x9c Output/nRF52_shtc3 Debug/Obj/nrf_log_frontend.o
 .text.buf_prealloc
                0x00000000000041dc      0x124 Output/nRF52_shtc3 Debug/Obj/nrf_log_frontend.o
 .text.std_n    0x0000000000004300       0x90 Output/nRF52_shtc3 Debug/Obj/nrf_log_frontend.o
 .text.nrf_log_frontend_std_0
                0x0000000000004390       0x1c Output/nRF52_shtc3 Debug/Obj/nrf_log_frontend.o
                0x0000000000004390                nrf_log_frontend_std_0
 .text.nrf_log_frontend_std_1
                0x00000000000043ac       0x22 Output/nRF52_shtc3 Debug/Obj/nrf_log_frontend.o
                0x00000000000043ac                nrf_log_frontend_std_1
 .text.nrf_log_frontend_std_2
                0x00000000000043ce       0x28 Output/nRF52_shtc3 Debug/Obj/nrf_log_frontend.o
                0x00000000000043ce                nrf_log_frontend_std_2
 .text.nrf_log_frontend_std_5
                0x00000000000043f6       0x34 Output/nRF52_shtc3 Debug/Obj/nrf_log_frontend.o
                0x00000000000043f6                nrf_log_frontend_std_5
 *fill*         0x000000000000442a        0x2 
 .text.buffer_is_empty
                0x000000000000442c       0x1c Output/nRF52_shtc3 Debug/Obj/nrf_log_frontend.o
                0x000000000000442c                buffer_is_empty
 .text.nrf_log_frontend_dequeue
                0x0000000000004448      0x39c Output/nRF52_shtc3 Debug/Obj/nrf_log_frontend.o
                0x0000000000004448                nrf_log_frontend_dequeue
 .text.backend_id_assign
                0x00000000000047e4       0x68 Output/nRF52_shtc3 Debug/Obj/nrf_log_frontend.o
 .text.nrf_log_backend_add
                0x000000000000484c       0x70 Output/nRF52_shtc3 Debug/Obj/nrf_log_frontend.o
                0x000000000000484c                nrf_log_backend_add
 .text.nrf_log_panic
                0x00000000000048bc       0x40 Output/nRF52_shtc3 Debug/Obj/nrf_log_frontend.o
                0x00000000000048bc                nrf_log_panic
 .text.timestamp_print
                0x00000000000048fc        0xc Output/nRF52_shtc3 Debug/Obj/nrf_log_str_formatter.o
 .text.prefix_process
                0x0000000000004908       0xb0 Output/nRF52_shtc3 Debug/Obj/nrf_log_str_formatter.o
 .text.postfix_process
                0x00000000000049b8       0x60 Output/nRF52_shtc3 Debug/Obj/nrf_log_str_formatter.o
 .text.nrf_log_std_entry_process
                0x0000000000004a18      0x144 Output/nRF52_shtc3 Debug/Obj/nrf_log_str_formatter.o
                0x0000000000004a18                nrf_log_std_entry_process
 .text.nrf_log_hexdump_entry_process
                0x0000000000004b5c       0xf0 Output/nRF52_shtc3 Debug/Obj/nrf_log_str_formatter.o
                0x0000000000004b5c                nrf_log_hexdump_entry_process
 .text.libc.__RAL_ascii_isctype
                0x0000000000004c4c       0x1c C:/Program Files/SEGGER/SEGGER Embedded Studio for ARM 4.52b/lib/libc_v7em_fpv4_sp_d16_hard_t_le_eabi.a(libc2.o)
 .text.libc.__RAL_ascii_toupper
                0x0000000000004c68        0xc C:/Program Files/SEGGER/SEGGER Embedded Studio for ARM 4.52b/lib/libc_v7em_fpv4_sp_d16_hard_t_le_eabi.a(libc2.o)
 .text.libc.__RAL_ascii_tolower
                0x0000000000004c74        0xc C:/Program Files/SEGGER/SEGGER Embedded Studio for ARM 4.52b/lib/libc_v7em_fpv4_sp_d16_hard_t_le_eabi.a(libc2.o)
 .text.libc.__RAL_ascii_iswctype
                0x0000000000004c80       0x1c C:/Program Files/SEGGER/SEGGER Embedded Studio for ARM 4.52b/lib/libc_v7em_fpv4_sp_d16_hard_t_le_eabi.a(libc2.o)
 .text.libc.__RAL_ascii_towupper
                0x0000000000004c9c        0xc C:/Program Files/SEGGER/SEGGER Embedded Studio for ARM 4.52b/lib/libc_v7em_fpv4_sp_d16_hard_t_le_eabi.a(libc2.o)
 .text.libc.__RAL_ascii_towlower
                0x0000000000004ca8        0xc C:/Program Files/SEGGER/SEGGER Embedded Studio for ARM 4.52b/lib/libc_v7em_fpv4_sp_d16_hard_t_le_eabi.a(libc2.o)
 .text.libc.__RAL_ascii_wctomb
                0x0000000000004cb4        0xe C:/Program Files/SEGGER/SEGGER Embedded Studio for ARM 4.52b/lib/libc_v7em_fpv4_sp_d16_hard_t_le_eabi.a(libc2.o)
                0x0000000000004cb4                __RAL_ascii_wctomb
 .text.libc.__RAL_ascii_mbtowc
                0x0000000000004cc2       0x24 C:/Program Files/SEGGER/SEGGER Embedded Studio for ARM 4.52b/lib/libc_v7em_fpv4_sp_d16_hard_t_le_eabi.a(libc2.o)
                0x0000000000004cc2                __RAL_ascii_mbtowc
 *fill*         0x0000000000004ce6        0x2 
 .text.libc.__RAL_isctype
                0x0000000000004ce8       0x14 C:/Program Files/SEGGER/SEGGER Embedded Studio for ARM 4.52b/lib/libc_v7em_fpv4_sp_d16_hard_t_le_eabi.a(libc2.o)
                0x0000000000004ce8                __RAL_isctype
 .text.libc.isprint
                0x0000000000004cfc        0xa C:/Program Files/SEGGER/SEGGER Embedded Studio for ARM 4.52b/lib/libc_v7em_fpv4_sp_d16_hard_t_le_eabi.a(libc2.o)
                0x0000000000004cfc                isprint
 .text.libc.memcpy
                0x0000000000004d06       0x52 C:/Program Files/SEGGER/SEGGER Embedded Studio for ARM 4.52b/lib/libc_v7em_fpv4_sp_d16_hard_t_le_eabi.a(libc2_asm.o)
                0x0000000000004d06                __aeabi_memcpy
                0x0000000000004d06                memcpy
                0x0000000000004d12                __aeabi_memcpy8
                0x0000000000004d12                __aeabi_memcpy4
 .text.libc.strlen
                0x0000000000004d58       0x60 C:/Program Files/SEGGER/SEGGER Embedded Studio for ARM 4.52b/lib/libc_v7em_fpv4_sp_d16_hard_t_le_eabi.a(libc2_asm.o)
                0x0000000000004d58                strlen
                0x0000000000004db8                __text_end__ = (__text_start__ + SIZEOF (.text))
                0x00000000000049e4                __text_size__ = SIZEOF (.text)
                0x0000000000004db8                __text_load_end__ = __text_end__

.vfp11_veneer   0x0000000100000000        0x0
 .vfp11_veneer  0x0000000100000000        0x0 linker stubs

.v4_bx          0x0000000100000000        0x0
 .v4_bx         0x0000000100000000        0x0 linker stubs

.iplt           0x0000000100000000        0x0
 .iplt          0x0000000100000000        0x0 Output/nRF52_shtc3 Debug/Obj/main.o
                0x0000000000000001                . = ASSERT (((__text_start__ == __text_end__) || ((__text_end__ - __FLASH_segment_start__) <= __FLASH_segment_size__)), error: .text is too large to fit in FLASH memory segment)
                0x0000000000004db8                __sdh_ble_observers_load_start__ = ALIGN (__text_end__, 0x4)

.sdh_ble_observers
                0x0000000000004db8        0x0
                0x0000000000004db8                __sdh_ble_observers_start__ = .
                0x0000000000004db8                __start_sdh_ble_observers = __sdh_ble_observers_start__
 *(SORT_BY_NAME(.sdh_ble_observers*))
                0x0000000000004db8                __sdh_ble_observers_end__ = (__sdh_ble_observers_start__ + SIZEOF (.sdh_ble_observers))
                0x0000000000000000                __sdh_ble_observers_size__ = SIZEOF (.sdh_ble_observers)
                0x0000000000004db8                __stop_sdh_ble_observers = __sdh_ble_observers_end__
                0x0000000000004db8                __sdh_ble_observers_load_end__ = __sdh_ble_observers_end__
                0x0000000000000001                . = ASSERT (((__sdh_ble_observers_start__ == __sdh_ble_observers_end__) || ((__sdh_ble_observers_end__ - __FLASH_segment_start__) <= __FLASH_segment_size__)), error: .sdh_ble_observers is too large to fit in FLASH memory segment)
                0x0000000000004db8                __sdh_soc_observers_load_start__ = ALIGN (__sdh_ble_observers_end__, 0x4)

.sdh_soc_observers
                0x0000000000004db8        0x0
                0x0000000000004db8                __sdh_soc_observers_start__ = .
                0x0000000000004db8                __start_sdh_soc_observers = __sdh_soc_observers_start__
 *(SORT_BY_NAME(.sdh_soc_observers*))
                0x0000000000004db8                __sdh_soc_observers_end__ = (__sdh_soc_observers_start__ + SIZEOF (.sdh_soc_observers))
                0x0000000000000000                __sdh_soc_observers_size__ = SIZEOF (.sdh_soc_observers)
                0x0000000000004db8                __stop_sdh_soc_observers = __sdh_soc_observers_end__
                0x0000000000004db8                __sdh_soc_observers_load_end__ = __sdh_soc_observers_end__
                0x0000000000000001                . = ASSERT (((__sdh_soc_observers_start__ == __sdh_soc_observers_end__) || ((__sdh_soc_observers_end__ - __FLASH_segment_start__) <= __FLASH_segment_size__)), error: .sdh_soc_observers is too large to fit in FLASH memory segment)
                0x0000000000004db8                __sdh_req_observers_load_start__ = ALIGN (__sdh_soc_observers_end__, 0x4)

.sdh_req_observers
                0x0000000000004db8        0x0
                0x0000000000004db8                __sdh_req_observers_start__ = .
                0x0000000000004db8                __start_sdh_req_observers = __sdh_req_observers_start__
 *(SORT_BY_NAME(.sdh_req_observers*))
                0x0000000000004db8                __sdh_req_observers_end__ = (__sdh_req_observers_start__ + SIZEOF (.sdh_req_observers))
                0x0000000000000000                __sdh_req_observers_size__ = SIZEOF (.sdh_req_observers)
                0x0000000000004db8                __stop_sdh_req_observers = __sdh_req_observers_end__
                0x0000000000004db8                __sdh_req_observers_load_end__ = __sdh_req_observers_end__
                0x0000000000000001                . = ASSERT (((__sdh_req_observers_start__ == __sdh_req_observers_end__) || ((__sdh_req_observers_end__ - __FLASH_segment_start__) <= __FLASH_segment_size__)), error: .sdh_req_observers is too large to fit in FLASH memory segment)
                0x0000000000004db8                __sdh_state_observers_load_start__ = ALIGN (__sdh_req_observers_end__, 0x4)

.sdh_state_observers
                0x0000000000004db8        0x0
                0x0000000000004db8                __sdh_state_observers_start__ = .
                0x0000000000004db8                __start_sdh_state_observers = __sdh_state_observers_start__
 *(SORT_BY_NAME(.sdh_state_observers*))
                0x0000000000004db8                __sdh_state_observers_end__ = (__sdh_state_observers_start__ + SIZEOF (.sdh_state_observers))
                0x0000000000000000                __sdh_state_observers_size__ = SIZEOF (.sdh_state_observers)
                0x0000000000004db8                __stop_sdh_state_observers = __sdh_state_observers_end__
                0x0000000000004db8                __sdh_state_observers_load_end__ = __sdh_state_observers_end__
                0x0000000000000001                . = ASSERT (((__sdh_state_observers_start__ == __sdh_state_observers_end__) || ((__sdh_state_observers_end__ - __FLASH_segment_start__) <= __FLASH_segment_size__)), error: .sdh_state_observers is too large to fit in FLASH memory segment)
                0x0000000000004db8                __sdh_stack_observers_load_start__ = ALIGN (__sdh_state_observers_end__, 0x4)

.sdh_stack_observers
                0x0000000000004db8        0x0
                0x0000000000004db8                __sdh_stack_observers_start__ = .
                0x0000000000004db8                __start_sdh_stack_observers = __sdh_stack_observers_start__
 *(SORT_BY_NAME(.sdh_stack_observers*))
                0x0000000000004db8                __sdh_stack_observers_end__ = (__sdh_stack_observers_start__ + SIZEOF (.sdh_stack_observers))
                0x0000000000000000                __sdh_stack_observers_size__ = SIZEOF (.sdh_stack_observers)
                0x0000000000004db8                __stop_sdh_stack_observers = __sdh_stack_observers_end__
                0x0000000000004db8                __sdh_stack_observers_load_end__ = __sdh_stack_observers_end__
                0x0000000000000001                . = ASSERT (((__sdh_stack_observers_start__ == __sdh_stack_observers_end__) || ((__sdh_stack_observers_end__ - __FLASH_segment_start__) <= __FLASH_segment_size__)), error: .sdh_stack_observers is too large to fit in FLASH memory segment)
                0x0000000000004db8                __nrf_queue_load_start__ = ALIGN (__sdh_stack_observers_end__, 0x4)

.nrf_queue      0x0000000000004db8        0x0
                0x0000000000004db8                __nrf_queue_start__ = .
                0x0000000000004db8                __start_nrf_queue = __nrf_queue_start__
 *(.nrf_queue*)
                0x0000000000004db8                __nrf_queue_end__ = (__nrf_queue_start__ + SIZEOF (.nrf_queue))
                0x0000000000000000                __nrf_queue_size__ = SIZEOF (.nrf_queue)
                0x0000000000004db8                __stop_nrf_queue = __nrf_queue_end__
                0x0000000000004db8                __nrf_queue_load_end__ = __nrf_queue_end__
                0x0000000000000001                . = ASSERT (((__nrf_queue_start__ == __nrf_queue_end__) || ((__nrf_queue_end__ - __FLASH_segment_start__) <= __FLASH_segment_size__)), error: .nrf_queue is too large to fit in FLASH memory segment)
                0x0000000000004db8                __nrf_balloc_load_start__ = ALIGN (__nrf_queue_end__, 0x4)

.nrf_balloc     0x0000000000004db8       0x14
                0x0000000000004db8                __nrf_balloc_start__ = .
                0x0000000000004db8                __start_nrf_balloc = __nrf_balloc_start__
 *(.nrf_balloc*)
 .nrf_balloc    0x0000000000004db8       0x14 Output/nRF52_shtc3 Debug/Obj/nrf_log_frontend.o
                0x0000000000004db8                log_mempool
                0x0000000000004dcc                __nrf_balloc_end__ = (__nrf_balloc_start__ + SIZEOF (.nrf_balloc))
                0x0000000000000014                __nrf_balloc_size__ = SIZEOF (.nrf_balloc)
                0x0000000000004dcc                __stop_nrf_balloc = __nrf_balloc_end__
                0x0000000000004dcc                __nrf_balloc_load_end__ = __nrf_balloc_end__
                0x0000000000000001                . = ASSERT (((__nrf_balloc_start__ == __nrf_balloc_end__) || ((__nrf_balloc_end__ - __FLASH_segment_start__) <= __FLASH_segment_size__)), error: .nrf_balloc is too large to fit in FLASH memory segment)
                0x0000000000004dcc                __cli_command_load_start__ = ALIGN (__nrf_balloc_end__, 0x4)

.cli_command    0x0000000000004dcc        0x0
                0x0000000000004dcc                __cli_command_start__ = .
                0x0000000000004dcc                __start_cli_command = __cli_command_start__
 *(.cli_command*)
                0x0000000000004dcc                __cli_command_end__ = (__cli_command_start__ + SIZEOF (.cli_command))
                0x0000000000000000                __cli_command_size__ = SIZEOF (.cli_command)
                0x0000000000004dcc                __stop_cli_command = __cli_command_end__
                0x0000000000004dcc                __cli_command_load_end__ = __cli_command_end__
                0x0000000000000001                . = ASSERT (((__cli_command_start__ == __cli_command_end__) || ((__cli_command_end__ - __FLASH_segment_start__) <= __FLASH_segment_size__)), error: .cli_command is too large to fit in FLASH memory segment)
                0x0000000000004dcc                __crypto_data_load_start__ = ALIGN (__cli_command_end__, 0x4)

.crypto_data    0x0000000000004dcc        0x0
                0x0000000000004dcc                __crypto_data_start__ = .
                0x0000000000004dcc                __start_crypto_data = __crypto_data_start__
 *(SORT_BY_NAME(.crypto_data*))
                0x0000000000004dcc                __crypto_data_end__ = (__crypto_data_start__ + SIZEOF (.crypto_data))
                0x0000000000000000                __crypto_data_size__ = SIZEOF (.crypto_data)
                0x0000000000004dcc                __stop_crypto_data = __crypto_data_end__
                0x0000000000004dcc                __crypto_data_load_end__ = __crypto_data_end__
                0x0000000000000001                . = ASSERT (((__crypto_data_start__ == __crypto_data_end__) || ((__crypto_data_end__ - __FLASH_segment_start__) <= __FLASH_segment_size__)), error: .crypto_data is too large to fit in FLASH memory segment)
                0x0000000000004dcc                __pwr_mgmt_data_load_start__ = ALIGN (__crypto_data_end__, 0x4)

.pwr_mgmt_data  0x0000000000004dcc        0x0
                0x0000000000004dcc                __pwr_mgmt_data_start__ = .
                0x0000000000004dcc                __start_pwr_mgmt_data = __pwr_mgmt_data_start__
 *(SORT_BY_NAME(.pwr_mgmt_data*))
                0x0000000000004dcc                __pwr_mgmt_data_end__ = (__pwr_mgmt_data_start__ + SIZEOF (.pwr_mgmt_data))
                0x0000000000000000                __pwr_mgmt_data_size__ = SIZEOF (.pwr_mgmt_data)
                0x0000000000004dcc                __stop_pwr_mgmt_data = __pwr_mgmt_data_end__
                0x0000000000004dcc                __pwr_mgmt_data_load_end__ = __pwr_mgmt_data_end__
                0x0000000000000001                . = ASSERT (((__pwr_mgmt_data_start__ == __pwr_mgmt_data_end__) || ((__pwr_mgmt_data_end__ - __FLASH_segment_start__) <= __FLASH_segment_size__)), error: .pwr_mgmt_data is too large to fit in FLASH memory segment)
                0x0000000000004dcc                __log_const_data_load_start__ = ALIGN (__pwr_mgmt_data_end__, 0x4)

.log_const_data
                0x0000000000004dcc       0x28
                0x0000000000004dcc                __log_const_data_start__ = .
                0x0000000000004dcc                __start_log_const_data = __log_const_data_start__
 *(SORT_BY_NAME(.log_const_data*))
 .log_const_data_PRS
                0x0000000000004dcc        0x8 Output/nRF52_shtc3 Debug/Obj/nrfx_prs.o
                0x0000000000004dcc                m_nrf_log_PRS_logs_data_const
 .log_const_data_TWIM
                0x0000000000004dd4        0x8 Output/nRF52_shtc3 Debug/Obj/nrfx_twim.o
                0x0000000000004dd4                m_nrf_log_TWIM_logs_data_const
 .log_const_data_UART
                0x0000000000004ddc        0x8 Output/nRF52_shtc3 Debug/Obj/nrfx_uart.o
                0x0000000000004ddc                m_nrf_log_UART_logs_data_const
 .log_const_data_UARTE
                0x0000000000004de4        0x8 Output/nRF52_shtc3 Debug/Obj/nrfx_uarte.o
                0x0000000000004de4                m_nrf_log_UARTE_logs_data_const
 .log_const_data_app
                0x0000000000004dec        0x8 Output/nRF52_shtc3 Debug/Obj/nrf_log_frontend.o
                0x0000000000004dec                m_nrf_log_app_logs_data_const
                0x0000000000004df4                __log_const_data_end__ = (__log_const_data_start__ + SIZEOF (.log_const_data))
                0x0000000000000028                __log_const_data_size__ = SIZEOF (.log_const_data)
                0x0000000000004df4                __stop_log_const_data = __log_const_data_end__
                0x0000000000004df4                __log_const_data_load_end__ = __log_const_data_end__
                0x0000000000000001                . = ASSERT (((__log_const_data_start__ == __log_const_data_end__) || ((__log_const_data_end__ - __FLASH_segment_start__) <= __FLASH_segment_size__)), error: .log_const_data is too large to fit in FLASH memory segment)
                0x0000000000004df4                __log_backends_load_start__ = ALIGN (__log_const_data_end__, 0x4)

.log_backends   0x0000000000004df4       0x10
                0x0000000000004df4                __log_backends_start__ = .
                0x0000000000004df4                __start_log_backends = __log_backends_start__
 *(SORT_BY_NAME(.log_backends*))
 .log_backends  0x0000000000004df4       0x10 Output/nRF52_shtc3 Debug/Obj/nrf_log_default_backends.o
                0x0000000000004e04                __log_backends_end__ = (__log_backends_start__ + SIZEOF (.log_backends))
                0x0000000000000010                __log_backends_size__ = SIZEOF (.log_backends)
                0x0000000000004e04                __stop_log_backends = __log_backends_end__
                0x0000000000004e04                __log_backends_load_end__ = __log_backends_end__
                0x0000000000000001                . = ASSERT (((__log_backends_start__ == __log_backends_end__) || ((__log_backends_end__ - __FLASH_segment_start__) <= __FLASH_segment_size__)), error: .log_backends is too large to fit in FLASH memory segment)
                0x0000000000004e04                __nrf_sections_load_start__ = ALIGN (__log_backends_end__, 0x4)

.nrf_sections   0x0000000000004e04        0x0
                0x0000000000004e04                __nrf_sections_start__ = .
                0x0000000000004e04                __start_nrf_sections = __nrf_sections_start__
 *(.nrf_sections .nrf_sections.*)
                0x0000000000004e04                __nrf_sections_end__ = (__nrf_sections_start__ + SIZEOF (.nrf_sections))
                0x0000000000000000                __nrf_sections_size__ = SIZEOF (.nrf_sections)
                0x0000000000004e04                __nrf_sections_load_end__ = __nrf_sections_end__
                0x0000000000000001                . = ASSERT (((__nrf_sections_start__ == __nrf_sections_end__) || ((__nrf_sections_end__ - __FLASH_segment_start__) <= __FLASH_segment_size__)), error: .nrf_sections is too large to fit in FLASH memory segment)
                0x0000000000004e04                __cli_sorted_cmd_ptrs_load_start__ = ALIGN (__nrf_sections_end__, 0x4)

.cli_sorted_cmd_ptrs
                0x0000000020000000        0x0 load address 0x0000000000004e04
                0x0000000020000000                __cli_sorted_cmd_ptrs_start__ = .
 *(.cli_sorted_cmd_ptrs*)
                0x0000000020000000                __cli_sorted_cmd_ptrs_end__ = (__cli_sorted_cmd_ptrs_start__ + SIZEOF (.cli_sorted_cmd_ptrs))
                0x0000000000000000                __cli_sorted_cmd_ptrs_size__ = SIZEOF (.cli_sorted_cmd_ptrs)
                0x0000000000004e04                __cli_sorted_cmd_ptrs_load_end__ = (__cli_sorted_cmd_ptrs_load_start__ + SIZEOF (.cli_sorted_cmd_ptrs))
                0x0000000000000001                . = ASSERT (((__cli_sorted_cmd_ptrs_load_start__ == __cli_sorted_cmd_ptrs_load_end__) || ((__cli_sorted_cmd_ptrs_load_end__ - __FLASH_segment_start__) <= __FLASH_segment_size__)), error: .cli_sorted_cmd_ptrs is too large to fit in FLASH memory segment)

.cli_sorted_cmd_ptrs_run
                0x0000000020000000        0x0
                0x0000000020000000                __cli_sorted_cmd_ptrs_run_start__ = .
                0x0000000020000000                __start_cli_sorted_cmd_ptrs = __cli_sorted_cmd_ptrs_run_start__
                0x0000000020000000                . = MAX ((__cli_sorted_cmd_ptrs_run_start__ + SIZEOF (.cli_sorted_cmd_ptrs)), .)
                0x0000000020000000                __cli_sorted_cmd_ptrs_run_end__ = (__cli_sorted_cmd_ptrs_run_start__ + SIZEOF (.cli_sorted_cmd_ptrs_run))
                0x0000000000000000                __cli_sorted_cmd_ptrs_run_size__ = SIZEOF (.cli_sorted_cmd_ptrs_run)
                0x0000000020000000                __stop_cli_sorted_cmd_ptrs = __cli_sorted_cmd_ptrs_run_end__
                0x0000000020000000                __cli_sorted_cmd_ptrs_run_load_end__ = __cli_sorted_cmd_ptrs_run_end__
                0x0000000000000001                . = ASSERT (((__cli_sorted_cmd_ptrs_run_start__ == __cli_sorted_cmd_ptrs_run_end__) || ((__cli_sorted_cmd_ptrs_run_end__ - __RAM_segment_start__) <= __RAM_segment_size__)), error: .cli_sorted_cmd_ptrs_run is too large to fit in RAM memory segment)
                0x0000000000004e04                __fs_data_load_start__ = ALIGN ((__cli_sorted_cmd_ptrs_load_start__ + SIZEOF (.cli_sorted_cmd_ptrs)), 0x4)

.fs_data        0x0000000020000000        0x0 load address 0x0000000000004e04
                0x0000000020000000                __fs_data_start__ = .
 *(.fs_data*)
                0x0000000020000000                __fs_data_end__ = (__fs_data_start__ + SIZEOF (.fs_data))
                0x0000000000000000                __fs_data_size__ = SIZEOF (.fs_data)
                0x0000000000004e04                __fs_data_load_end__ = (__fs_data_load_start__ + SIZEOF (.fs_data))
                0x0000000000000001                . = ASSERT (((__fs_data_load_start__ == __fs_data_load_end__) || ((__fs_data_load_end__ - __FLASH_segment_start__) <= __FLASH_segment_size__)), error: .fs_data is too large to fit in FLASH memory segment)

.fs_data_run    0x0000000020000000        0x0
                0x0000000020000000                __fs_data_run_start__ = .
                0x0000000020000000                __start_fs_data = __fs_data_run_start__
                0x0000000020000000                . = MAX ((__fs_data_run_start__ + SIZEOF (.fs_data)), .)
                0x0000000020000000                __fs_data_run_end__ = (__fs_data_run_start__ + SIZEOF (.fs_data_run))
                0x0000000000000000                __fs_data_run_size__ = SIZEOF (.fs_data_run)
                0x0000000020000000                __stop_fs_data = __fs_data_run_end__
                0x0000000020000000                __fs_data_run_load_end__ = __fs_data_run_end__
                0x0000000000000001                . = ASSERT (((__fs_data_run_start__ == __fs_data_run_end__) || ((__fs_data_run_end__ - __RAM_segment_start__) <= __RAM_segment_size__)), error: .fs_data_run is too large to fit in RAM memory segment)
                0x0000000000004e04                __log_dynamic_data_load_start__ = ALIGN ((__fs_data_load_start__ + SIZEOF (.fs_data)), 0x4)

.log_dynamic_data
                0x0000000020000000        0x0 load address 0x0000000000004e04
                0x0000000020000000                __log_dynamic_data_start__ = .
 *(SORT_BY_NAME(.log_dynamic_data*))
                0x0000000020000000                __log_dynamic_data_end__ = (__log_dynamic_data_start__ + SIZEOF (.log_dynamic_data))
                0x0000000000000000                __log_dynamic_data_size__ = SIZEOF (.log_dynamic_data)
                0x0000000000004e04                __log_dynamic_data_load_end__ = (__log_dynamic_data_load_start__ + SIZEOF (.log_dynamic_data))
                0x0000000000000001                . = ASSERT (((__log_dynamic_data_load_start__ == __log_dynamic_data_load_end__) || ((__log_dynamic_data_load_end__ - __FLASH_segment_start__) <= __FLASH_segment_size__)), error: .log_dynamic_data is too large to fit in FLASH memory segment)

.log_dynamic_data_run
                0x0000000020000000        0x0
                0x0000000020000000                __log_dynamic_data_run_start__ = .
                0x0000000020000000                __start_log_dynamic_data = __log_dynamic_data_run_start__
                0x0000000020000000                . = MAX ((__log_dynamic_data_run_start__ + SIZEOF (.log_dynamic_data)), .)
                0x0000000020000000                __log_dynamic_data_run_end__ = (__log_dynamic_data_run_start__ + SIZEOF (.log_dynamic_data_run))
                0x0000000000000000                __log_dynamic_data_run_size__ = SIZEOF (.log_dynamic_data_run)
                0x0000000020000000                __stop_log_dynamic_data = __log_dynamic_data_run_end__
                0x0000000020000000                __log_dynamic_data_run_load_end__ = __log_dynamic_data_run_end__
                0x0000000000000001                . = ASSERT (((__log_dynamic_data_run_start__ == __log_dynamic_data_run_end__) || ((__log_dynamic_data_run_end__ - __RAM_segment_start__) <= __RAM_segment_size__)), error: .log_dynamic_data_run is too large to fit in RAM memory segment)
                0x0000000000004e04                __log_filter_data_load_start__ = ALIGN ((__log_dynamic_data_load_start__ + SIZEOF (.log_dynamic_data)), 0x4)

.log_filter_data
                0x0000000020000000        0x0 load address 0x0000000000004e04
                0x0000000020000000                __log_filter_data_start__ = .
 *(SORT_BY_NAME(.log_filter_data*))
                0x0000000020000000                __log_filter_data_end__ = (__log_filter_data_start__ + SIZEOF (.log_filter_data))
                0x0000000000000000                __log_filter_data_size__ = SIZEOF (.log_filter_data)
                0x0000000000004e04                __log_filter_data_load_end__ = (__log_filter_data_load_start__ + SIZEOF (.log_filter_data))
                0x0000000000000001                . = ASSERT (((__log_filter_data_load_start__ == __log_filter_data_load_end__) || ((__log_filter_data_load_end__ - __FLASH_segment_start__) <= __FLASH_segment_size__)), error: .log_filter_data is too large to fit in FLASH memory segment)

.log_filter_data_run
                0x0000000020000000        0x0
                0x0000000020000000                __log_filter_data_run_start__ = .
                0x0000000020000000                __start_log_filter_data = __log_filter_data_run_start__
                0x0000000020000000                . = MAX ((__log_filter_data_run_start__ + SIZEOF (.log_filter_data)), .)
                0x0000000020000000                __log_filter_data_run_end__ = (__log_filter_data_run_start__ + SIZEOF (.log_filter_data_run))
                0x0000000000000000                __log_filter_data_run_size__ = SIZEOF (.log_filter_data_run)
                0x0000000020000000                __stop_log_filter_data = __log_filter_data_run_end__
                0x0000000020000000                __log_filter_data_run_load_end__ = __log_filter_data_run_end__
                0x0000000000000001                . = ASSERT (((__log_filter_data_run_start__ == __log_filter_data_run_end__) || ((__log_filter_data_run_end__ - __RAM_segment_start__) <= __RAM_segment_size__)), error: .log_filter_data_run is too large to fit in RAM memory segment)
                0x0000000020000000                __nrf_sections_run_end_load_start__ = ALIGN (__log_filter_data_run_end__, 0x4)

.nrf_sections_run_end
                0x0000000020000000        0x0
                0x0000000020000000                __nrf_sections_run_end_start__ = .
                0x0000000020000000                __end_nrf_sections_run = __nrf_sections_run_end_start__
 *(.nrf_sections_run_end .nrf_sections_run_end.*)
                0x0000000020000000                __nrf_sections_run_end_end__ = (__nrf_sections_run_end_start__ + SIZEOF (.nrf_sections_run_end))
                0x0000000000000000                __nrf_sections_run_end_size__ = SIZEOF (.nrf_sections_run_end)
                0x0000000020000000                __nrf_sections_run_end_load_end__ = __nrf_sections_run_end_end__
                0x0000000000000001                . = ASSERT (((__nrf_sections_run_end_start__ == __nrf_sections_run_end_end__) || ((__nrf_sections_run_end_end__ - __RAM_segment_start__) <= __RAM_segment_size__)), error: .nrf_sections_run_end is too large to fit in RAM memory segment)
                0x0000000000004e04                __dtors_load_start__ = ALIGN ((__log_filter_data_load_start__ + SIZEOF (.log_filter_data)), 0x4)

.dtors          0x0000000000004e04        0x0
                0x0000000000004e04                __dtors_start__ = .
 *(SORT_BY_NAME(.dtors.*))
 *(.dtors)
 *(.fini_array)
 *(SORT_BY_NAME(.fini_array.*))
                0x0000000000004e04                __dtors_end__ = (__dtors_start__ + SIZEOF (.dtors))
                0x0000000000000000                __dtors_size__ = SIZEOF (.dtors)
                0x0000000000004e04                __dtors_load_end__ = __dtors_end__
                0x0000000000000001                . = ASSERT (((__dtors_start__ == __dtors_end__) || ((__dtors_end__ - __FLASH_segment_start__) <= __FLASH_segment_size__)), error: .dtors is too large to fit in FLASH memory segment)
                0x0000000000004e04                __ctors_load_start__ = ALIGN (__dtors_end__, 0x4)

.ctors          0x0000000000004e04        0x0
                0x0000000000004e04                __ctors_start__ = .
 *(SORT_BY_NAME(.ctors.*))
 *(.ctors)
 *(.init_array)
 *(SORT_BY_NAME(.init_array.*))
                0x0000000000004e04                __ctors_end__ = (__ctors_start__ + SIZEOF (.ctors))
                0x0000000000000000                __ctors_size__ = SIZEOF (.ctors)
                0x0000000000004e04                __ctors_load_end__ = __ctors_end__
                0x0000000000000001                . = ASSERT (((__ctors_start__ == __ctors_end__) || ((__ctors_end__ - __FLASH_segment_start__) <= __FLASH_segment_size__)), error: .ctors is too large to fit in FLASH memory segment)
                0x0000000000004e04                __rodata_load_start__ = ALIGN (__ctors_end__, 0x4)

.rodata         0x0000000000004e04      0x9de
                0x0000000000004e04                __rodata_start__ = .
 *(.rodata .rodata.* .gnu.linkonce.r.*)
 .rodata.m_twi  0x0000000000004e04       0x10 Output/nRF52_shtc3 Debug/Obj/main.o
 .rodata        0x0000000000004e14       0x7e Output/nRF52_shtc3 Debug/Obj/main.o
 *fill*         0x0000000000004e92        0xe 
 .rodata.delay_machine_code.7860
                0x0000000000004ea0        0x6 Output/nRF52_shtc3 Debug/Obj/main.o
 *fill*         0x0000000000004ea6        0x2 
 .rodata        0x0000000000004ea8        0x5 Output/nRF52_shtc3 Debug/Obj/nrfx_twim.o
 *fill*         0x0000000000004ead        0x3 
 .rodata.irq_handlers.8791
                0x0000000000004eb0        0x4 Output/nRF52_shtc3 Debug/Obj/nrfx_twim.o
 .rodata        0x0000000000004eb4        0x5 Output/nRF52_shtc3 Debug/Obj/nrfx_uart.o
 *fill*         0x0000000000004eb9        0x3 
 .rodata.irq_handlers.8805
                0x0000000000004ebc        0x4 Output/nRF52_shtc3 Debug/Obj/nrfx_uart.o
 .rodata        0x0000000000004ec0        0x6 Output/nRF52_shtc3 Debug/Obj/nrfx_uarte.o
 *fill*         0x0000000000004ec6        0x2 
 .rodata.irq_handlers.8847
                0x0000000000004ec8        0x4 Output/nRF52_shtc3 Debug/Obj/nrfx_uarte.o
 .rodata        0x0000000000004ecc        0x4 Output/nRF52_shtc3 Debug/Obj/nrfx_prs.o
 .rodata.delay_machine_code.7860
                0x0000000000004ed0        0x6 Output/nRF52_shtc3 Debug/Obj/nrf_drv_twi.o
 *fill*         0x0000000000004ed6        0x2 
 .rodata._aV2C.7789
                0x0000000000004ed8       0x10 Output/nRF52_shtc3 Debug/Obj/nrf_fprintf_format.o
 .rodata.m_unknown_str
                0x0000000000004ee8       0x13 Output/nRF52_shtc3 Debug/Obj/nrf_strerror.o
 *fill*         0x0000000000004efb        0x1 
 .rodata        0x0000000000004efc      0x3bd Output/nRF52_shtc3 Debug/Obj/nrf_strerror.o
 *fill*         0x00000000000052b9        0x3 
 .rodata.nrf_strerror_array
                0x00000000000052bc      0x118 Output/nRF52_shtc3 Debug/Obj/nrf_strerror.o
 .rodata        0x00000000000053d4       0x70 Output/nRF52_shtc3 Debug/Obj/app_error_weak.o
 .rodata        0x0000000000005444       0x70 Output/nRF52_shtc3 Debug/Obj/nrf_log_backend_uart.o
 .rodata.nrf_log_backend_uart_api
                0x00000000000054b4        0xc Output/nRF52_shtc3 Debug/Obj/nrf_log_backend_uart.o
                0x00000000000054b4                nrf_log_backend_uart_api
 .rodata        0x00000000000054c0       0x11 Output/nRF52_shtc3 Debug/Obj/nrf_log_default_backends.o
 *fill*         0x00000000000054d1        0x3 
 .rodata.m_log_push_ringbuf
                0x00000000000054d4        0xc Output/nRF52_shtc3 Debug/Obj/nrf_log_frontend.o
 .rodata        0x00000000000054e0       0x15 Output/nRF52_shtc3 Debug/Obj/nrf_log_frontend.o
 *fill*         0x00000000000054f5        0x3 
 .rodata        0x00000000000054f8       0xaa Output/nRF52_shtc3 Debug/Obj/nrf_log_str_formatter.o
 *fill*         0x00000000000055a2        0x2 
 .rodata.libc.__RAL_find_locale.str1.4
                0x00000000000055a4        0xa C:/Program Files/SEGGER/SEGGER Embedded Studio for ARM 4.52b/lib/libc_v7em_fpv4_sp_d16_hard_t_le_eabi.a(libc2.o)
 *fill*         0x00000000000055ae        0x2 
 .rodata.libc.__RAL_ascii_ctype_map
                0x00000000000055b0       0x80 C:/Program Files/SEGGER/SEGGER Embedded Studio for ARM 4.52b/lib/libc_v7em_fpv4_sp_d16_hard_t_le_eabi.a(libc2.o)
                0x00000000000055b0                __RAL_ascii_ctype_map
 .rodata.libc.__RAL_ascii_ctype_mask
                0x0000000000005630        0xd C:/Program Files/SEGGER/SEGGER Embedded Studio for ARM 4.52b/lib/libc_v7em_fpv4_sp_d16_hard_t_le_eabi.a(libc2.o)
 *fill*         0x000000000000563d        0x3 
 .rodata.libc.__RAL_c_locale
                0x0000000000005640        0xc C:/Program Files/SEGGER/SEGGER Embedded Studio for ARM 4.52b/lib/libc_v7em_fpv4_sp_d16_hard_t_le_eabi.a(libc2.o)
                0x0000000000005640                __RAL_c_locale
 .rodata.libc.__RAL_c_locale_abbrev_day_names
                0x000000000000564c       0x1d C:/Program Files/SEGGER/SEGGER Embedded Studio for ARM 4.52b/lib/libc_v7em_fpv4_sp_d16_hard_t_le_eabi.a(libc2.o)
                0x000000000000564c                __RAL_c_locale_abbrev_day_names
 *fill*         0x0000000000005669        0x3 
 .rodata.libc.__RAL_c_locale_abbrev_month_names
                0x000000000000566c       0x31 C:/Program Files/SEGGER/SEGGER Embedded Studio for ARM 4.52b/lib/libc_v7em_fpv4_sp_d16_hard_t_le_eabi.a(libc2.o)
                0x000000000000566c                __RAL_c_locale_abbrev_month_names
 *fill*         0x000000000000569d        0x3 
 .rodata.libc.__RAL_c_locale_am_pm_indicator
                0x00000000000056a0        0x7 C:/Program Files/SEGGER/SEGGER Embedded Studio for ARM 4.52b/lib/libc_v7em_fpv4_sp_d16_hard_t_le_eabi.a(libc2.o)
                0x00000000000056a0                __RAL_c_locale_am_pm_indicator
 *fill*         0x00000000000056a7        0x1 
 .rodata.libc.__RAL_c_locale_data
                0x00000000000056a8       0x58 C:/Program Files/SEGGER/SEGGER Embedded Studio for ARM 4.52b/lib/libc_v7em_fpv4_sp_d16_hard_t_le_eabi.a(libc2.o)
                0x00000000000056a8                __RAL_c_locale_data
 .rodata.libc.__RAL_c_locale_date_format
                0x0000000000005700        0x9 C:/Program Files/SEGGER/SEGGER Embedded Studio for ARM 4.52b/lib/libc_v7em_fpv4_sp_d16_hard_t_le_eabi.a(libc2.o)
                0x0000000000005700                __RAL_c_locale_date_format
 *fill*         0x0000000000005709        0x3 
 .rodata.libc.__RAL_c_locale_date_time_format
                0x000000000000570c        0xf C:/Program Files/SEGGER/SEGGER Embedded Studio for ARM 4.52b/lib/libc_v7em_fpv4_sp_d16_hard_t_le_eabi.a(libc2.o)
                0x000000000000570c                __RAL_c_locale_date_time_format
 *fill*         0x000000000000571b        0x1 
 .rodata.libc.__RAL_c_locale_day_names
                0x000000000000571c       0x3a C:/Program Files/SEGGER/SEGGER Embedded Studio for ARM 4.52b/lib/libc_v7em_fpv4_sp_d16_hard_t_le_eabi.a(libc2.o)
                0x000000000000571c                __RAL_c_locale_day_names
 *fill*         0x0000000000005756        0x2 
 .rodata.libc.__RAL_c_locale_month_names
                0x0000000000005758       0x57 C:/Program Files/SEGGER/SEGGER Embedded Studio for ARM 4.52b/lib/libc_v7em_fpv4_sp_d16_hard_t_le_eabi.a(libc2.o)
                0x0000000000005758                __RAL_c_locale_month_names
 *fill*         0x00000000000057af        0x1 
 .rodata.libc.__RAL_c_locale_time_format
                0x00000000000057b0        0x9 C:/Program Files/SEGGER/SEGGER Embedded Studio for ARM 4.52b/lib/libc_v7em_fpv4_sp_d16_hard_t_le_eabi.a(libc2.o)
                0x00000000000057b0                __RAL_c_locale_time_format
 *fill*         0x00000000000057b9        0x3 
 .rodata.libc.__RAL_codeset_ascii
                0x00000000000057bc       0x20 C:/Program Files/SEGGER/SEGGER Embedded Studio for ARM 4.52b/lib/libc_v7em_fpv4_sp_d16_hard_t_le_eabi.a(libc2.o)
                0x00000000000057bc                __RAL_codeset_ascii
 .rodata.libc.__RAL_data_empty_string
                0x00000000000057dc        0x1 C:/Program Files/SEGGER/SEGGER Embedded Studio for ARM 4.52b/lib/libc_v7em_fpv4_sp_d16_hard_t_le_eabi.a(libc2.o)
                0x00000000000057dc                __RAL_data_empty_string
 *fill*         0x00000000000057dd        0x3 
 .rodata.libc.__RAL_data_utf8_period
                0x00000000000057e0        0x2 C:/Program Files/SEGGER/SEGGER Embedded Studio for ARM 4.52b/lib/libc_v7em_fpv4_sp_d16_hard_t_le_eabi.a(libc2.o)
                0x00000000000057e0                __RAL_data_utf8_period
                0x00000000000057e2                __rodata_end__ = (__rodata_start__ + SIZEOF (.rodata))
                0x00000000000009de                __rodata_size__ = SIZEOF (.rodata)
                0x00000000000057e2                __rodata_load_end__ = __rodata_end__

.rel.dyn        0x00000000000057e4        0x0
 .rel.iplt      0x00000000000057e4        0x0 Output/nRF52_shtc3 Debug/Obj/main.o
                0x0000000000000001                . = ASSERT (((__rodata_start__ == __rodata_end__) || ((__rodata_end__ - __FLASH_segment_start__) <= __FLASH_segment_size__)), error: .rodata is too large to fit in FLASH memory segment)
                0x00000000000057e4                __ARM.exidx_load_start__ = ALIGN (__rodata_end__, 0x4)

.ARM.exidx      0x00000000000057e4        0x0
                0x00000000000057e4                __ARM.exidx_start__ = .
                0x00000000000057e4                __exidx_start = __ARM.exidx_start__
 *(.ARM.exidx .ARM.exidx.*)
                0x00000000000057e4                __ARM.exidx_end__ = (__ARM.exidx_start__ + SIZEOF (.ARM.exidx))
                0x0000000000000000                __ARM.exidx_size__ = SIZEOF (.ARM.exidx)
                0x00000000000057e4                __exidx_end = __ARM.exidx_end__
                0x00000000000057e4                __ARM.exidx_load_end__ = __ARM.exidx_end__
                0x0000000000000001                . = ASSERT (((__ARM.exidx_start__ == __ARM.exidx_end__) || ((__ARM.exidx_end__ - __FLASH_segment_start__) <= __FLASH_segment_size__)), error: .ARM.exidx is too large to fit in FLASH memory segment)
                0x00000000000057e4                __fast_load_start__ = ALIGN (__ARM.exidx_end__, 0x4)

.fast           0x0000000020000000        0x0 load address 0x00000000000057e4
                0x0000000020000000                __fast_start__ = .
 *(.fast .fast.*)
                0x0000000020000000                __fast_end__ = (__fast_start__ + SIZEOF (.fast))
                0x0000000000000000                __fast_size__ = SIZEOF (.fast)
                0x00000000000057e4                __fast_load_end__ = (__fast_load_start__ + SIZEOF (.fast))
                0x0000000000000001                . = ASSERT (((__fast_load_start__ == __fast_load_end__) || ((__fast_load_end__ - __FLASH_segment_start__) <= __FLASH_segment_size__)), error: .fast is too large to fit in FLASH memory segment)

.fast_run       0x0000000020000000        0x0
                0x0000000020000000                __fast_run_start__ = .
                0x0000000020000000                . = MAX ((__fast_run_start__ + SIZEOF (.fast)), .)
                0x0000000020000000                __fast_run_end__ = (__fast_run_start__ + SIZEOF (.fast_run))
                0x0000000000000000                __fast_run_size__ = SIZEOF (.fast_run)
                0x0000000020000000                __fast_run_load_end__ = __fast_run_end__
                0x0000000000000001                . = ASSERT (((__fast_run_start__ == __fast_run_end__) || ((__fast_run_end__ - __RAM_segment_start__) <= __RAM_segment_size__)), error: .fast_run is too large to fit in RAM memory segment)
                0x00000000000057e4                __data_load_start__ = ALIGN ((__fast_load_start__ + SIZEOF (.fast)), 0x4)

.data           0x0000000020000000       0x6c load address 0x00000000000057e4
                0x0000000020000000                __data_start__ = .
 *(.data .data.* .gnu.linkonce.d.*)
 .data.SystemCoreClock
                0x0000000020000000        0x4 Output/nRF52_shtc3 Debug/Obj/system_nrf52840.o
                0x0000000020000000                SystemCoreClock
 .data.m_uart   0x0000000020000004       0x14 Output/nRF52_shtc3 Debug/Obj/nrf_log_backend_uart.o
                0x0000000020000004                m_uart
 .data.log_backend_cb_uart_log_backend
                0x0000000020000018        0x8 Output/nRF52_shtc3 Debug/Obj/nrf_log_default_backends.o
 .data.severity_names
                0x0000000020000020       0x14 Output/nRF52_shtc3 Debug/Obj/nrf_log_str_formatter.o
 .data.m_colors
                0x0000000020000034       0x24 Output/nRF52_shtc3 Debug/Obj/nrf_log_str_formatter.o
 .data.libc.__RAL_global_locale
                0x0000000020000058       0x14 C:/Program Files/SEGGER/SEGGER Embedded Studio for ARM 4.52b/lib/libc_v7em_fpv4_sp_d16_hard_t_le_eabi.a(libc2.o)
                0x0000000020000058                __RAL_global_locale
                0x000000002000006c                __data_end__ = (__data_start__ + SIZEOF (.data))
                0x000000000000006c                __data_size__ = SIZEOF (.data)
                0x0000000000005850                __data_load_end__ = (__data_load_start__ + SIZEOF (.data))

.igot.plt       0x0000000100000000        0x0
 .igot.plt      0x0000000100000000        0x0 Output/nRF52_shtc3 Debug/Obj/main.o
                0x0000000000000001                . = ASSERT (((__data_load_start__ == __data_load_end__) || ((__data_load_end__ - __FLASH_segment_start__) <= __FLASH_segment_size__)), error: .data is too large to fit in FLASH memory segment)

.data_run       0x0000000020000000       0x6c load address 0x00000000000057e4
                0x0000000020000000                __data_run_start__ = .
                0x000000002000006c                . = MAX ((__data_run_start__ + SIZEOF (.data)), .)
 *fill*         0x0000000020000000       0x6c 
                0x000000002000006c                __data_run_end__ = (__data_run_start__ + SIZEOF (.data_run))
                0x000000000000006c                __data_run_size__ = SIZEOF (.data_run)
                0x000000002000006c                __data_run_load_end__ = __data_run_end__
                0x0000000000000001                . = ASSERT (((__data_run_start__ == __data_run_end__) || ((__data_run_end__ - __RAM_segment_start__) <= __RAM_segment_size__)), error: .data_run is too large to fit in RAM memory segment)
                0x0000000000005850                __tdata_load_start__ = ALIGN ((__data_load_start__ + SIZEOF (.data)), 0x4)

.tdata          0x000000002000006c        0x0 load address 0x0000000000005850
                0x000000002000006c                __tdata_start__ = .
 *(.tdata .tdata.*)
                0x000000002000006c                __tdata_end__ = (__tdata_start__ + SIZEOF (.tdata))
                0x0000000000000000                __tdata_size__ = SIZEOF (.tdata)
                0x0000000000005850                __tdata_load_end__ = (__tdata_load_start__ + SIZEOF (.tdata))
                0x0000000000005850                __FLASH_segment_used_end__ = (ALIGN ((__data_load_start__ + SIZEOF (.data)), 0x4) + SIZEOF (.tdata))
                0x0000000000005850                __FLASH_segment_used_size__ = (__FLASH_segment_used_end__ - __FLASH_segment_start__)
                0x0000000000000001                . = ASSERT (((__tdata_load_start__ == __tdata_load_end__) || ((__tdata_load_end__ - __FLASH_segment_start__) <= __FLASH_segment_size__)), error: .tdata is too large to fit in FLASH memory segment)

.tdata_run      0x000000002000006c        0x0
                0x000000002000006c                __tdata_run_start__ = .
                0x000000002000006c                . = MAX ((__tdata_run_start__ + SIZEOF (.tdata)), .)
                0x000000002000006c                __tdata_run_end__ = (__tdata_run_start__ + SIZEOF (.tdata_run))
                0x0000000000000000                __tdata_run_size__ = SIZEOF (.tdata_run)
                0x000000002000006c                __tdata_run_load_end__ = __tdata_run_end__
                0x0000000000000001                . = ASSERT (((__tdata_run_start__ == __tdata_run_end__) || ((__tdata_run_end__ - __RAM_segment_start__) <= __RAM_segment_size__)), error: .tdata_run is too large to fit in RAM memory segment)
                0x000000002000006c                __bss_load_start__ = ALIGN (__tdata_run_end__, 0x4)

.bss            0x000000002000006c      0x6a8
                0x000000002000006c                __bss_start__ = .
 *(.bss .bss.* .gnu.linkonce.b.*)
 .bss.m_xfer_done
                0x000000002000006c        0x1 Output/nRF52_shtc3 Debug/Obj/main.o
 .bss.m_sample  0x000000002000006d        0x1 Output/nRF52_shtc3 Debug/Obj/main.o
 *fill*         0x000000002000006e        0x2 
 .bss.m_cb      0x0000000020000070       0x34 Output/nRF52_shtc3 Debug/Obj/nrfx_twim.o
 .bss.m_cb      0x00000000200000a4       0x2c Output/nRF52_shtc3 Debug/Obj/nrfx_uart.o
 .bss.m_cb      0x00000000200000d0       0x24 Output/nRF52_shtc3 Debug/Obj/nrfx_uarte.o
 .bss.m_prs_box_4
                0x00000000200000f4        0x8 Output/nRF52_shtc3 Debug/Obj/nrfx_prs.o
 .bss.m_handlers
                0x00000000200000fc        0x8 Output/nRF52_shtc3 Debug/Obj/nrf_drv_twi.o
 .bss.m_contexts
                0x0000000020000104        0x8 Output/nRF52_shtc3 Debug/Obj/nrf_drv_twi.o
 .bss.m_handlers
                0x000000002000010c        0x8 Output/nRF52_shtc3 Debug/Obj/nrf_drv_uart.o
 .bss.m_contexts
                0x0000000020000114        0x8 Output/nRF52_shtc3 Debug/Obj/nrf_drv_uart.o
 .bss.nrf_drv_uart_use_easy_dma
                0x000000002000011c        0x2 Output/nRF52_shtc3 Debug/Obj/nrf_drv_uart.o
                0x000000002000011c                nrf_drv_uart_use_easy_dma
 *fill*         0x000000002000011e        0x2 
 .bss.m_error_data.7714
                0x0000000020000120       0x20 Output/nRF52_shtc3 Debug/Obj/app_error.o
 .bss.m_in_critical_region
                0x0000000020000140        0x4 Output/nRF52_shtc3 Debug/Obj/app_util_platform.o
 .bss.m_string_buff
                0x0000000020000144       0x40 Output/nRF52_shtc3 Debug/Obj/nrf_log_backend_uart.o
 .bss.m_xfer_done
                0x0000000020000184        0x1 Output/nRF52_shtc3 Debug/Obj/nrf_log_backend_uart.o
 .bss.m_async_mode
                0x0000000020000185        0x1 Output/nRF52_shtc3 Debug/Obj/nrf_log_backend_uart.o
 *fill*         0x0000000020000186        0x2 
 .bss.log_mempool_nrf_balloc_pool_stack
                0x0000000020000188        0x8 Output/nRF52_shtc3 Debug/Obj/nrf_log_frontend.o
 .bss.log_mempool_nrf_balloc_pool_mem
                0x0000000020000190       0xc0 Output/nRF52_shtc3 Debug/Obj/nrf_log_frontend.o
 .bss.log_mempool_nrf_balloc_cb
                0x0000000020000250        0x8 Output/nRF52_shtc3 Debug/Obj/nrf_log_frontend.o
 .bss.m_log_push_ringbuf_buf
                0x0000000020000258       0x80 Output/nRF52_shtc3 Debug/Obj/nrf_log_frontend.o
 .bss.m_log_push_ringbuf_cb
                0x00000000200002d8       0x18 Output/nRF52_shtc3 Debug/Obj/nrf_log_frontend.o
 .bss.m_log_data
                0x00000000200002f0      0x424 Output/nRF52_shtc3 Debug/Obj/nrf_log_frontend.o
 *(COMMON)
                0x0000000020000714                __bss_end__ = (__bss_start__ + SIZEOF (.bss))
                0x00000000000006a8                __bss_size__ = SIZEOF (.bss)
                0x0000000020000714                __bss_load_end__ = __bss_end__
                0x0000000000000001                . = ASSERT (((__bss_start__ == __bss_end__) || ((__bss_end__ - __RAM_segment_start__) <= __RAM_segment_size__)), error: .bss is too large to fit in RAM memory segment)
                0x0000000020000714                __tbss_load_start__ = ALIGN (__bss_end__, 0x4)

.tbss           0x0000000020000714        0x0
                0x0000000020000714                __tbss_start__ = .
 *(.tbss .tbss.*)